login as: cat
cat@challenges.ringzer0team.com's password: cat

The programs included with the Ubuntu system are free software;
the exact distribution terms for each program are described in the
individual files in /usr/share/doc/*/copyright.

Ubuntu comes with ABSOLUTELY NO WARRANTY, to the extent permitted by
applicable law.

The programs included with the Ubuntu system are free software;
the exact distribution terms for each program are described in the
individual files in /usr/share/doc/*/copyright.

Ubuntu comes with ABSOLUTELY NO WARRANTY, to the extent permitted by
applicable law.

-rbash: /usr/bin/groups: Permission denied
cat@lxc-forensics-252:~$ pwd
/home/cat
cat@lxc-forensics-252:~$ cd
.bash_profile  commands/      flag.txt
cat@lxc-forensics-252:~$ cd commands/
bash        broken.txt  cat         ls
cat@lxc-forensics-252:~$ cd commands
-rbash: cd: restricted
=> There's only some commands show on "commands" folder that we can use
cat@lxc-forensics-252:~$ cat flag.txt
**************************** WHERE IS THE FLAG ? ****************************
How about?
cat@lxc-forensics-252:~$ cat -A flag.txt
FLAG-0K14eDrm4t5g7KD54X8Dl3NNcZ956oCK^M**************************** WHERE IS THE FLAG ? ****************************$
=> BOOM!
