After finding on /home of elliot,jc (james), seb
=> Nothing interested.

But Bob is the admin of this machine => So where is his password?
Inside the login.txt.gpg, ofc :)

#
  ---------- ---------- ---------- ---------- ---------- ---------- ---------- ---------- ---------- ----------
  ---------- ---------- ---------- ----------         NEXT          ---------- ---------- ---------- ----------
  ---------- ---------- ---------- ---------- ---------- ---------- ---------- ---------- ---------- ----------
#

elliot@Milburg-High:/home/bob$ find . -type f
./Documents/Secret/Keep_Out/Not_Porn/No_Lookie_In_Here/notes.sh
./Documents/login.txt.gpg
...

=>
elliot@Milburg-High:/home/bob/Documents/Secret/Keep_Out/Not_Porn/No_Lookie_In_Here$ /bin/cat notes.sh
#!/bin/bash
clear
echo "-= Notes =-"
echo "Harry Potter is my faviorite"
echo "Are you the real me?"
echo "Right, I'm ordering pizza this is going nowhere"
echo "People just don't get me"
echo "Ohhhhhhhhhhhhhhhhhhhhhhhhhhhhhhhhhhhh <sea santy here>"
echo "Cucumber"
echo "Rest now your eyes are sleepy"
echo "Are you gonna stop reading this yet?"
echo "Time to fix the server"
echo "Everyone is annoying"
echo "Sticky notes gotta buy em"

=> H A R P O C R A T E S
The first letter of each line actually spells out the word HARPOCRATES. Harpocrates was the Greek god of silence, secrets, and confidentiality.

elliot@Milburg-High:/home/bob/Documents$ gpg -d login.txt.gpg
gpg: keybox '/home/elliot/.gnupg/pubring.kbx' created
gpg: AES encrypted data
gpg: cancelled by user
gpg: encrypted with 1 passphrase
gpg: decryption failed: No secret key

elliot@Milburg-High:/home/bob/Documents$ gpg --batch --passphrase HARPOCRATES -d login.txt.gpg
gpg: AES encrypted data
gpg: encrypted with 1 passphrase
bob:b0bcat_

=> Ok we got BOB

#
  ---------- ---------- ---------- ---------- ---------- ---------- ---------- ---------- ---------- ----------
  ---------- ---------- ---------- ----------         NEXT          ---------- ---------- ---------- ----------
  ---------- ---------- ---------- ---------- ---------- ---------- ---------- ---------- ---------- ----------
#

root@Blue3:~# ssh bob@bob101.ctf -p 25468
  __  __ _ _ _                        _____
 |  \/  (_) | |                      / ____|
 | \  / |_| | |__  _   _ _ __ __ _  | (___   ___ _ ____   _____ _ __
 | |\/| | | | '_ \| | | | '__/ _` |  \___ \ / _ \ '__\ \ / / _ \ '__|
 | |  | | | | |_) | |_| | | | (_| |  ____) |  __/ |   \ V /  __/ |
 |_|  |_|_|_|_.__/ \__,_|_|  \__, | |_____/ \___|_|    \_/ \___|_|
                              __/ |
                             |___/


bob@bob101.ctf's password: b0bcat_
Linux Milburg-High 4.9.0-4-amd64 #1 SMP Debian 4.9.65-3+deb9u1 (2017-12-23) x86_64

The programs included with the Debian GNU/Linux system are free software;
the exact distribution terms for each program are described in the
individual files in /usr/share/doc/*/copyright.

Debian GNU/Linux comes with ABSOLUTELY NO WARRANTY, to the extent
permitted by applicable law.
Last login: Thu Mar  8 23:49:12 2018 from 192.168.56.1
bob@Milburg-High:~$ sudo -l
[sudo] password for bob:
Matching Defaults entries for bob on Milburg-High:
    env_reset, mail_badpass, secure_path=/usr/local/sbin\:/usr/local/bin\:/usr/sbin\:/usr/bin\:/sbin\:/bin

User bob may run the following commands on Milburg-High:
    (ALL : ALL) ALL

bob@Milburg-High:~$ sudo -i
root@Milburg-High:~#

Done.
