flag4{NjRiYXNlOjY0YmFzZTVoMzc3Cg==}
=>
root@Blue3:~# echo NjRiYXNlOjY0YmFzZTVoMzc3Cg== | base64 -d
64base:64base5h377

root@Blue3:~# echo 64base5h377 | base64
NjRiYXNlNWgzNzcK

root@Blue3:~# ssh 64base@64base.ctf -p 62964
The authenticity of host '[64base.ctf]:62964 ([172.16.35.130]:62964)' can't be established.
ECDSA key fingerprint is SHA256:PhC0Efn/NWWhDzqb57DDh6SKn5feUean+PfxWhASzx4.
Are you sure you want to continue connecting (yes/no/[fingerprint])? yes
Warning: Permanently added '[64base.ctf]:62964,[172.16.35.130]:62964' (ECDSA) to the list of known hosts.
64base@64base.ctf's password: 64base5h377
Permission denied, please try again.
64base@64base.ctf's password: NjRiYXNlNWgzNzcK

Last login: Tue Dec  6 05:10:28 2016 from 172.16.0.18
-rbash: mesg: command not found
64base@64base:~$ ls -ltra
well_done_:D
64base@64base:~$ cat well_done_:D
 _
 \\
  \\_          _.-._
   X:\        (_/ \_)
   \::\       ( ==  )
    \::\       \== /
   /X:::\   .-./`-'\.--.
   \\/\::\ / /     (    l
    ~\ \::\ /      `.   L.
      \/:::|         `.'  `
      /:/\:|         `(    `.
      \/`-'`.          >    )
             \       //  .-'
              |     /(  .'
              `-..-'_ \  \
              __||/  \ `-'
             / _ \ #  |
            |  #  |#  |
         LS |  #  |#

    BioTronics Security Droid
64base@64base:~$ cd ../
-rbash: cd: restricted
64base@64base:~$ pwd
/64base
64base@64base:~$ less well_done_:D
               .------.
              .'::::::' `.
              |: __   __ |
              | <__] [__>|
              `-.  __  .-'
                | |==| |
                | |==| |
             __.`-[..]-'\__
      _.--:""      ||   _``:::--._
     | |  |.      .:'  (o) ::|  | |
     |_|  |::..  // _       :|  |_|
      ===-|:''' // /.\       |-===\
      |_| `:___//_|[ ]|_____.' |_| )
      l=l   |\V/_=======_==|   l=l/
    .-l=l   |`'==/=="======|  /|.:
    | l l   |=="======\=_==| `-T l
    `.l_l   |==============|   l_l
      [_]  [__][__]____[_]__]  [_]
      \\\ .'.--.- --   --. .`. |||.
      \\\\| |  |    |    |  || ||||
       \\\\   .'    |    |  |`.||||
        \\\\  | LS  |    `.   |||||

              Medical Droid

64base@64base:~$ grep -v well_done_:D
                ________
           _,.-Y  |  |  Y-._
       .-~"   ||  |  |  |   "-.
       I" ""=="|" !""! "|"[]""|     _____
       L__  [] |..------|:   _[----I" .-{"-.
      I___|  ..| l______|l_ [__L]_[I_/r(=}=-P
     [L______L_[________]______j~  '-=c_]/=-^
      \_I_j.--.\==I|I==_/.--L_]
        [_((==)[`-----"](==)j
           I--I"~~"""~~"I--I
           |[]|         |[]|
           l__j         l__j
           |!!|         |!!|
           |..|         |..|
           ([])         ([])
           ]--[         ]--[
           [_L]         [_L]  -Row
          /|..|\       /|..|\
         `=}--{='     `=}--{='
        .-^--r-^-.   .-^--r-^-.
 ~~~~~~~~~~~~~~~~~~~~~~~~~~~~~~~~~~~~~~~~~
          ->Imperial AT-AT<-
64base@64base:~$ find / -name flag*
           __________
       _xXXXXXXXXXXXXXXXx_
     .-         |         -.
   _/___________|___________\_
  /             |       __    \
 / _____________|      /__\    \
/               |      \__/     \
|               |               |
 HHHHHHHHHHHHHHHHHHHHHHHHHHHHHHH
|           |   |  ___   ___    |
\           |   | |== | |==/    /
 \__________|   | |__| |__/    /
  \_________|___|_____________/
    \           |      /    /
     `-_________|_____/___-'
            \. \|/ ./
              `-+-'
                I
               [ ]
       LS   |==| |==]]
               `-'

   Cybot Galactica's AC1 "Spy-Eye"
         Surveillance Droid
64base@64base:~$ python
           ____
          / ___\
         |: =O =O
         |:: __ |
          \_/LLL\
    __ __./:__:\.__ __
   (%%i \ |<__>| / i%%)
   |--|:/\/ :: \/\:|--|
   |  |:  :====:  :|  |
  .':.'Y-" |::| "-Y`.:`.
  |__| | : |__|.-.| |__|
  (%%) | : /++\`-'! (%%)
   \  \|n._\++/_.n| /  /
    \ xT::::--::::T/  /
     \Xl-. `""' .-lXX'
       |: \    / :|
       |:  i--i  :|
       |:  |  |  :| LS
       |___|  |__;|
       P%%%Y  P%%%Y
       b%%%d  b%%%d   B4 Bodyguard Droid
       |   |  |   |     - Front View -

64base@64base:~$ perl
          ,------.._
         (      o  o)
        _.`--------'
      .~  ~.   . `-.-~~~-.___      ____
      (     )   \       \    ~~~~~~ .--'
    .-~    /     ) ..___.-----------~
   /     > `-._  |/
  (      \     ~~--._
   `-.    \   //     ~~--.
      `-.  ~-.\\ /~-._  /X\
         `-=-._:=--. / |XOX|
     LS    |  |     ~-._\X/
         .--.-~~-.
        / ++| xx |   B-BD1 Battle Droid
       / ++/| xx |     - Side View -
64base@64base:~$ ruby

             _____
         ___/O   O\____
        / O        O   \
        \______________/
   -===|____\///\\\/_____
       \----------------/
        \______________/  \/
         /\__________/    //
  >=o\  // //\\   || \\  //
     \\o/ //  \o  ||  \o//
         //    || ||
     /o==o     |o \o==o   LS
    //         //     \\
    /\        //       /\   Arakyd Viper Probe Droid
              /\                 - Front View -

=> Nothing we can do.
What about the port 4899 Radmin??

64base@64base:~$ env
TERM=xterm-256color
SHELL=/bin/rbash
SSH_CLIENT=172.16.35.1 39336 62964
SSH_TTY=/dev/pts/0
USER=64base
LS_COLORS=rs=0:di=01;34:ln=01;36:mh=00:pi=40;33:so=01;35:do=01;35:bd=40;33;01:cd=40;33;01:or=40;31;01:su=37;41:sg=30;43:ca=30;41:tw=30;42:ow=34;42:st=37;44:ex=01;32:*.tar=01;31:*.tgz=01;31:*.arc=01;31:*.arj=01;31:*.taz=01;31:*.lha=01;31:*.lz4=01;31:*.lzh=01;31:*.lzma=01;31:*.tlz=01;31:*.txz=01;31:*.tzo=01;31:*.t7z=01;31:*.zip=01;31:*.z=01;31:*.Z=01;31:*.dz=01;31:*.gz=01;31:*.lrz=01;31:*.lz=01;31:*.lzo=01;31:*.xz=01;31:*.bz2=01;31:*.bz=01;31:*.tbz=01;31:*.tbz2=01;31:*.tz=01;31:*.deb=01;31:*.rpm=01;31:*.jar=01;31:*.war=01;31:*.ear=01;31:*.sar=01;31:*.rar=01;31:*.alz=01;31:*.ace=01;31:*.zoo=01;31:*.cpio=01;31:*.7z=01;31:*.rz=01;31:*.cab=01;31:*.jpg=01;35:*.jpeg=01;35:*.gif=01;35:*.bmp=01;35:*.pbm=01;35:*.pgm=01;35:*.ppm=01;35:*.tga=01;35:*.xbm=01;35:*.xpm=01;35:*.tif=01;35:*.tiff=01;35:*.png=01;35:*.svg=01;35:*.svgz=01;35:*.mng=01;35:*.pcx=01;35:*.mov=01;35:*.mpg=01;35:*.mpeg=01;35:*.m2v=01;35:*.mkv=01;35:*.webm=01;35:*.ogm=01;35:*.mp4=01;35:*.m4v=01;35:*.mp4v=01;35:*.vob=01;35:*.qt=01;35:*.nuv=01;35:*.wmv=01;35:*.asf=01;35:*.rm=01;35:*.rmvb=01;35:*.flc=01;35:*.avi=01;35:*.fli=01;35:*.flv=01;35:*.gl=01;35:*.dl=01;35:*.xcf=01;35:*.xwd=01;35:*.yuv=01;35:*.cgm=01;35:*.emf=01;35:*.axv=01;35:*.anx=01;35:*.ogv=01;35:*.ogx=01;35:*.aac=00;36:*.au=00;36:*.flac=00;36:*.m4a=00;36:*.mid=00;36:*.midi=00;36:*.mka=00;36:*.mp3=00;36:*.mpc=00;36:*.ogg=00;36:*.ra=00;36:*.wav=00;36:*.axa=00;36:*.oga=00;36:*.spx=00;36:*.xspf=00;36:
MAIL=/var/mail/64base
PATH=/var/alt-bin
PWD=/64base
LANG=en_GB.UTF-8
GCC_COLORS=error=01;31:warning=01;35:note=01;36:caret=01;32:locus=01:quote=01
SHLVL=1
HOME=/64base
LANGUAGE=en_GB:en
LOGNAME=64base
SSH_CONNECTION=172.16.35.1 39336 172.16.35.130 62964
_=/var/alt-bin/env

=> A custom PATH!
We can list out all the files in that path with the built in echo command

64base@64base:~$ echo $PATH/*
/var/alt-bin/awk /var/alt-bin/base64 /var/alt-bin/cat /var/alt-bin/droids /var/alt-bin/egrep /var/alt-bin/env /var/alt-bin/fgrep /var/alt-bin/file /var/alt-bin/find /var/alt-bin/grep /var/alt-bin/head /var/alt-bin/less /var/alt-bin/ls /var/alt-bin/more /var/alt-bin/perl /var/alt-bin/python /var/alt-bin/ruby /var/alt-bin/tail

64base@64base:~$ droids

So..

You found a way in then...

but, can you pop root?



                                           /~\
                                          |oo )    Did you hear that?
                                          _\=/_
                          ___            /  _  \
                         / ()\          //|/.\|\\
                       _|_____|_        \\ \_/  ||
                      | | === | |        \|\ /| ||
                      |_|  O  |_|        # _ _/ #
                       ||  O  ||          | | |
                       ||__*__||          | | |
                      |~ \___/ ~|         []|[]
                      /=\ /=\ /=\         | | |
      ________________[_]_[_]_[_]________/_]_[_\_________________________

bash: dircolors: command not found
64base@64base:~$
64base@64base:~$ echo $PATH/*
/var/alt-bin:/usr/local/sbin:/usr/local/bin:/usr/sbin:/usr/bin:/sbin:/bin/*
64base@64base:~$ echo $PATH
/var/alt-bin:/usr/local/sbin:/usr/local/bin:/usr/sbin:/usr/bin:/sbin:/bin

=> Are we in different env?

64base@64base:/$ /usr/bin/find / -name flag5*
=> /var/www/html/admin/S3cR37/flag5{TG9vayBJbnNpZGUhIDpECg==}
=> flag5{TG9vayBJbnNpZGUhIDpECg==}
